Component: ARM Compiler 5.05 update 1 (build 106) Tool: armlink [4d0efa]

==============================================================================

Section Cross References

    startup_stm32f10x_hd.o(STACK) refers (Special) to heapauxi.o(.text) for __use_two_region_memory
    startup_stm32f10x_hd.o(HEAP) refers (Special) to heapauxi.o(.text) for __use_two_region_memory
    startup_stm32f10x_hd.o(RESET) refers (Special) to heapauxi.o(.text) for __use_two_region_memory
    startup_stm32f10x_hd.o(RESET) refers to startup_stm32f10x_hd.o(STACK) for __initial_sp
    startup_stm32f10x_hd.o(RESET) refers to startup_stm32f10x_hd.o(.text) for Reset_Handler
    startup_stm32f10x_hd.o(RESET) refers to exti.o(i.EXTI0_IRQHandler) for EXTI0_IRQHandler
    startup_stm32f10x_hd.o(RESET) refers to exti.o(i.EXTI2_IRQHandler) for EXTI2_IRQHandler
    startup_stm32f10x_hd.o(RESET) refers to exti.o(i.EXTI3_IRQHandler) for EXTI3_IRQHandler
    startup_stm32f10x_hd.o(RESET) refers to exti.o(i.EXTI4_IRQHandler) for EXTI4_IRQHandler
    startup_stm32f10x_hd.o(RESET) refers to exti.o(i.EXTI9_5_IRQHandler) for EXTI9_5_IRQHandler
    startup_stm32f10x_hd.o(RESET) refers to timer.o(i.TIM3_IRQHandler) for TIM3_IRQHandler
    startup_stm32f10x_hd.o(RESET) refers to usmart.o(i.TIM4_IRQHandler) for TIM4_IRQHandler
    startup_stm32f10x_hd.o(RESET) refers to usart.o(i.USART1_IRQHandler) for USART1_IRQHandler
    startup_stm32f10x_hd.o(RESET) refers to timer.o(i.TIM5_IRQHandler) for TIM5_IRQHandler
    startup_stm32f10x_hd.o(RESET) refers to timer.o(i.TIM6_IRQHandler) for TIM6_IRQHandler
    startup_stm32f10x_hd.o(.text) refers (Special) to heapauxi.o(.text) for __use_two_region_memory
    startup_stm32f10x_hd.o(.text) refers to __main.o(!!!main) for __main
    startup_stm32f10x_hd.o(.text) refers to startup_stm32f10x_hd.o(HEAP) for Heap_Mem
    startup_stm32f10x_hd.o(.text) refers to startup_stm32f10x_hd.o(STACK) for Stack_Mem
    test.o(i.camera_refresh) refers to ili93xx.o(i.LCD_Scan_Dir) for LCD_Scan_Dir
    test.o(i.camera_refresh) refers to ili93xx.o(i.LCD_Set_Window) for LCD_Set_Window
    test.o(i.camera_refresh) refers to ili93xx.o(i.LCD_WriteRAM_Prepare) for LCD_WriteRAM_Prepare
    test.o(i.camera_refresh) refers to ili93xx.o(i.LCD_DrawRectangle) for LCD_DrawRectangle
    test.o(i.camera_refresh) refers to ili93xx.o(i.LCD_Draw_Circle) for LCD_Draw_Circle
    test.o(i.camera_refresh) refers to test.o(.data) for .data
    test.o(i.camera_refresh) refers to exti.o(.data) for ov_sta
    test.o(i.camera_refresh) refers to ili93xx.o(.bss) for lcddev
    test.o(i.camera_refresh) refers to timer.o(.data) for ov_frame
    test.o(i.main) refers to sys.o(i.Stm32_Clock_Init) for Stm32_Clock_Init
    test.o(i.main) refers to usart.o(i.uart_init) for uart_init
    test.o(i.main) refers to delay.o(i.delay_init) for delay_init
    test.o(i.main) refers to led.o(i.LED_Init) for LED_Init
    test.o(i.main) refers to key.o(i.KEY_Init) for KEY_Init
    test.o(i.main) refers to ili93xx.o(i.LCD_Init) for LCD_Init
    test.o(i.main) refers to ili93xx.o(i.LCD_ShowString) for LCD_ShowString
    test.o(i.main) refers to delay.o(i.delay_ms) for delay_ms
    test.o(i.main) refers to ili93xx.o(i.LCD_Fill) for LCD_Fill
    test.o(i.main) refers to ov7670.o(i.OV7670_Init) for OV7670_Init
    test.o(i.main) refers to ov7670.o(i.OV7670_Light_Mode) for OV7670_Light_Mode
    test.o(i.main) refers to ov7670.o(i.OV7670_Color_Saturation) for OV7670_Color_Saturation
    test.o(i.main) refers to ov7670.o(i.OV7670_Brightness) for OV7670_Brightness
    test.o(i.main) refers to ov7670.o(i.OV7670_Contrast) for OV7670_Contrast
    test.o(i.main) refers to ov7670.o(i.OV7670_Special_Effects) for OV7670_Special_Effects
    test.o(i.main) refers to exti.o(i.EXTI8_Init) for EXTI8_Init
    test.o(i.main) refers to ov7670.o(i.OV7670_Window_Set) for OV7670_Window_Set
    test.o(i.main) refers to ili93xx.o(i.LCD_Clear) for LCD_Clear
    test.o(i.main) refers to test.o(i.camera_refresh) for camera_refresh
    test.o(i.main) refers to usmart_config.o(.data) for usmart_dev
    test.o(i.main) refers to ili93xx.o(.data) for POINT_COLOR
    test.o(i.tuxiangchuli) refers to ili93xx.o(i.LCD_ShowNum) for LCD_ShowNum
    test.o(i.tuxiangchuli) refers to ili93xx.o(i.LCD_Fast_DrawPoint) for LCD_Fast_DrawPoint
    test.o(i.tuxiangchuli) refers to test.o(.data) for .data
    test.o(i.tuxiangchuli) refers to test.o(.bss) for .bss
    test.o(.data) refers to test.o(.conststring) for .conststring
    delay.o(i.delay_init) refers to delay.o(.data) for .data
    delay.o(i.delay_ms) refers to delay.o(.data) for .data
    delay.o(i.delay_us) refers to delay.o(.data) for .data
    sys.o(i.MYRCC_DeInit) refers to sys.o(i.MY_NVIC_SetVectorTable) for MY_NVIC_SetVectorTable
    sys.o(i.MY_NVIC_Init) refers to sys.o(i.MY_NVIC_PriorityGroupConfig) for MY_NVIC_PriorityGroupConfig
    sys.o(i.Stm32_Clock_Init) refers to sys.o(i.MYRCC_DeInit) for MYRCC_DeInit
[...]
    Removing ili93xx.o(i.opt_delay), (8 bytes).
    Removing key.o(i.KEY_Scan), (152 bytes).
    Removing key.o(.data), (1 bytes).
    Removing exti.o(i.EXTIX_Init), (98 bytes).
    Removing tpad.o(i.TIM5_CH2_Cap_Init), (108 bytes).
    Removing tpad.o(i.TPAD_Get_MaxVal), (28 bytes).
    Removing tpad.o(i.TPAD_Get_Val), (44 bytes).
    Removing tpad.o(i.TPAD_Init), (168 bytes).
    Removing tpad.o(i.TPAD_Reset), (76 bytes).
    Removing tpad.o(i.TPAD_Scan), (64 bytes).
    Removing tpad.o(.data), (4 bytes).
    Removing timer.o(i.TIM1_PWM_Init), (128 bytes).
    Removing timer.o(i.TIM3_Int_Init), (64 bytes).
    Removing timer.o(i.TIM3_PWM_Init), (140 bytes).
    Removing timer.o(i.TIM5_Cap_Init), (144 bytes).
    Removing timer.o(i.TIM6_Int_Init), (52 bytes).

37 unused section(s) (total 8540 bytes) removed from the image.

==============================================================================

Image Symbol Table

    Local Symbols

    Symbol Name                              Value     Ov Type        Size  Object(Section)

    ../clib/angel/boardlib.s                 0x00000000   Number         0  boardinit3.o ABSOLUTE
    ../clib/angel/boardlib.s                 0x00000000   Number         0  boardinit2.o ABSOLUTE
    ../clib/angel/boardlib.s                 0x00000000   Number         0  boardinit1.o ABSOLUTE
    ../clib/angel/boardlib.s                 0x00000000   Number         0  boardshut.o ABSOLUTE
    ../clib/angel/dczerorl2.s                0x00000000   Number         0  __dczerorl2.o ABSOLUTE
    ../clib/angel/handlers.s                 0x00000000   Number         0  __scatter_zi.o ABSOLUTE
    ../clib/angel/kernel.s                   0x00000000   Number         0  __rtentry.o ABSOLUTE
    ../clib/angel/kernel.s                   0x00000000   Number         0  rtexit.o ABSOLUTE
    ../clib/angel/kernel.s                   0x00000000   Number         0  __rtentry2.o ABSOLUTE
    ../clib/angel/kernel.s                   0x00000000   Number         0  rtexit2.o ABSOLUTE
    ../clib/angel/kernel.s                   0x00000000   Number         0  __rtentry4.o ABSOLUTE
    ../clib/angel/rt.s                       0x00000000   Number         0  rt_raise.o ABSOLUTE
    ../clib/angel/scatter.s                  0x00000000   Number         0  __scatter.o ABSOLUTE
    ../clib/angel/startup.s                  0x00000000   Number         0  __main.o ABSOLUTE
    ../clib/angel/sys.s                      0x00000000   Number         0  libspace.o ABSOLUTE
    ../clib/angel/sys.s                      0x00000000   Number         0  sys_stackheap_outer.o ABSOLUTE
    ../clib/angel/sys.s                      0x00000000   Number         0  use_no_semi.o ABSOLUTE
    ../clib/angel/sys.s                      0x00000000   Number         0  use_no_semi_2.o ABSOLUTE
    ../clib/angel/sys.s                      0x00000000   Number         0  indicate_semi.o ABSOLUTE
    ../clib/angel/sysapp.c                   0x00000000   Number         0  sys_command.o ABSOLUTE
    ../clib/angel/sysapp.c                   0x00000000   Number         0  sys_wrch.o ABSOLUTE
    ../clib/armsys.c                         0x00000000   Number         0  argv_veneer.o ABSOLUTE
    ../clib/armsys.c                         0x00000000   Number         0  argv_veneer.o ABSOLUTE
    ../clib/armsys.c                         0x00000000   Number         0  _get_argv_nomalloc.o ABSOLUTE
    ../clib/armsys.c                         0x00000000   Number         0  no_argv.o ABSOLUTE
    ../clib/heapalloc.c                      0x00000000   Number         0  hrguard.o ABSOLUTE
    ../clib/heapaux.c                        0x00000000   Number         0  heapauxi.o ABSOLUTE
    ../clib/libinit.s                        0x00000000   Number         0  libinit2.o ABSOLUTE
    ../clib/libinit.s                        0x00000000   Number         0  libshutdown2.o ABSOLUTE
    ../clib/libinit.s                        0x00000000   Number         0  libshutdown.o ABSOLUTE
    ../clib/libinit.s                        0x00000000   Number         0  libinit.o ABSOLUTE
    ../clib/misc.s                           0x00000000   Number         0  printf_stubs.o ABSOLUTE
    ../clib/printf.c                         0x00000000   Number         0  _printf_hex_ll.o ABSOLUTE
    ../clib/printf.c                         0x00000000   Number         0  __printf_flags_ss.o ABSOLUTE
    ../clib/printf.c                         0x00000000   Number         0  __printf_wp.o ABSOLUTE
    ../clib/printf.c                         0x00000000   Number         0  _printf_intcommon.o ABSOLUTE
    ../clib/printf.c                         0x00000000   Number         0  __printf_flags_wp.o ABSOLUTE
    ../clib/printf.c                         0x00000000   Number         0  __printf_ss_wp.o ABSOLUTE
    ../clib/printf.c                         0x00000000   Number         0  __printf_flags_ss_wp.o ABSOLUTE
    ../clib/printf.c                         0x00000000   Number         0  _printf_char_file.o ABSOLUTE
    ../clib/printf.c                         0x00000000   Number         0  __printf_nopercent.o ABSOLUTE
    ../clib/printf.c                         0x00000000   Number         0  _printf_char.o ABSOLUTE
    ../clib/printf.c                         0x00000000   Number         0  _printf_char_common.o ABSOLUTE
    ../clib/printf.c                         0x00000000   Number         0  __2printf.o ABSOLUTE
    ../clib/printf.c                         0x00000000   Number         0  noretval__2printf.o ABSOLUTE
    ../clib/printf.c                         0x00000000   Number         0  __printf.o ABSOLUTE
    ../clib/printf.c                         0x00000000   Number         0  _printf_pad.o ABSOLUTE
    ../clib/printf.c                         0x00000000   Number         0  _printf_str.o ABSOLUTE
    ../clib/printf.c                         0x00000000   Number         0  _printf_dec.o ABSOLUTE
    ../clib/printf.c                         0x00000000   Number         0  _printf_hex_int.o ABSOLUTE
    ../clib/printf.c                         0x00000000   Number         0  _printf_hex_int_ll.o ABSOLUTE
    ../clib/printf.c                         0x00000000   Number         0  _printf_hex_ptr.o ABSOLUTE
    ../clib/printf.c                         0x00000000   Number         0  _printf_hex_int_ptr.o ABSOLUTE
    ../clib/printf.c                         0x00000000   Number         0  _printf_hex_ll_ptr.o ABSOLUTE
    ../clib/printf.c                         0x00000000   Number         0  _printf_hex_int_ll_ptr.o ABSOLUTE
    ../clib/printf.c                         0x00000000   Number         0  __printf_flags.o ABSOLUTE
    ../clib/printf.c                         0x00000000   Number         0  __printf_ss.o ABSOLUTE
    ../clib/printf_percent.s                 0x00000000   Number         0  _printf_s.o ABSOLUTE
    ../clib/printf_percent.s                 0x00000000   Number         0  _printf_c.o ABSOLUTE
    ../clib/printf_percent.s                 0x00000000   Number         0  _printf_percent_end.o ABSOLUTE
    ../clib/printf_percent.s                 0x00000000   Number         0  _printf_percent.o ABSOLUTE
    ../clib/printf_percent.s                 0x00000000   Number         0  _printf_d.o ABSOLUTE
    ../clib/printf_percent.s                 0x00000000   Number         0  _printf_u.o ABSOLUTE
    ../clib/printf_percent.s                 0x00000000   Number         0  _printf_x.o ABSOLUTE
    ../clib/signal.c                         0x00000000   Number         0  defsig_other.o ABSOLUTE
    ../clib/signal.c                         0x00000000   Number         0  defsig_rtmem_formal.o ABSOLUTE
    ../clib/signal.c                         0x00000000   Number         0  defsig_cppl_inner.o ABSOLUTE
    ../clib/signal.c                         0x00000000   Number         0  defsig_stak_inner.o ABSOLUTE
    ../clib/signal.c                         0x00000000   Number         0  defsig_exit.o ABSOLUTE
    ../clib/signal.c                         0x00000000   Number         0  defsig_pvfn_inner.o ABSOLUTE
    ../clib/signal.c                         0x00000000   Number         0  defsig_rtmem_inner.o ABSOLUTE
    ../clib/signal.c                         0x00000000   Number         0  __raise.o ABSOLUTE
    ../clib/signal.c                         0x00000000   Number         0  defsig_general.o ABSOLUTE
    ../clib/signal.c                         0x00000000   Number         0  defsig_abrt_inner.o ABSOLUTE
    ../clib/signal.c                         0x00000000   Number         0  defsig_fpe_inner.o ABSOLUTE
    ../clib/signal.c                         0x00000000   Number         0  defsig_segv_inner.o ABSOLUTE
    ../clib/signal.c                         0x00000000   Number         0  defsig_rtred_inner.o ABSOLUTE
    ../clib/signal.c                         0x00000000   Number         0  defsig_rtmem_outer.o ABSOLUTE
    ../clib/signal.s                         0x00000000   Number         0  defsig.o ABSOLUTE
    ../clib/stdio.c                          0x00000000   Number         0  ferror_locked.o ABSOLUTE
    ../clib/stdio.c                          0x00000000   Number         0  ferror.o ABSOLUTE
    ../clib/stdlib.c                         0x00000000   Number         0  exit.o ABSOLUTE
    ../fplib/dfixu.s                         0x00000000   Number         0  dfixu.o ABSOLUTE
    ../fplib/dflt.s                          0x00000000   Number         0  dflt_clz.o ABSOLUTE
    ../fplib/dmul.s                          0x00000000   Number         0  dmul.o ABSOLUTE
    ../fplib/dnaninf.s                       0x00000000   Number         0  dnaninf.o ABSOLUTE
    ../fplib/dretinf.s                       0x00000000   Number         0  dretinf.o ABSOLUTE
    ../fplib/faddsub.s                       0x00000000   Number         0  faddsub_clz.o ABSOLUTE
    ../fplib/fcheck1.s                       0x00000000   Number         0  fcheck1.o ABSOLUTE
    ../fplib/fdiv.s                          0x00000000   Number         0  fdiv.o ABSOLUTE
    ../fplib/ffixu.s                         0x00000000   Number         0  ffixu.o ABSOLUTE
    ../fplib/fflt.s                          0x00000000   Number         0  fflt_clz.o ABSOLUTE
    ../fplib/fnaninf.s                       0x00000000   Number         0  fnaninf.o ABSOLUTE
    ../fplib/fpinit.s                        0x00000000   Number         0  fpinit.o ABSOLUTE
    ../fplib/fretinf.s                       0x00000000   Number         0  fretinf.o ABSOLUTE
    ../fplib/retnan.s                        0x00000000   Number         0  retnan.o ABSOLUTE
    ../fplib/scalbnf.s                       0x00000000   Number         0  scalbnf.o ABSOLUTE
    ../fplib/trapv.s                         0x00000000   Number         0  trapv.o ABSOLUTE
    ../fplib/usenofp.s                       0x00000000   Number         0  usenofp.o ABSOLUTE
    ..\HARDWARE\EXTI\exti.c                  0x00000000   Number         0  exti.o ABSOLUTE
    ..\HARDWARE\KEY\key.c                    0x00000000   Number         0  key.o ABSOLUTE
    ..\HARDWARE\LCD\ILI93xx.c                0x00000000   Number         0  ili93xx.o ABSOLUTE
    ..\HARDWARE\LED\led.c                    0x00000000   Number         0  led.o ABSOLUTE
    ..\HARDWARE\OV7670\ov7670.c              0x00000000   Number         0  ov7670.o ABSOLUTE
    ..\HARDWARE\OV7670\sccb.c                0x00000000   Number         0  sccb.o ABSOLUTE
    ..\HARDWARE\TIMER\timer.c                0x00000000   Number         0  timer.o ABSOLUTE
    ..\HARDWARE\TPAD\tpad.c                  0x00000000   Number         0  tpad.o ABSOLUTE
    ..\SYSTEM\delay\delay.c                  0x00000000   Number         0  delay.o ABSOLUTE
    ..\SYSTEM\sys\sys.c                      0x00000000   Number         0  sys.o ABSOLUTE
    ..\SYSTEM\usart\usart.c                  0x00000000   Number         0  usart.o ABSOLUTE
    ..\USMART\usmart.c                       0x00000000   Number         0  usmart.o ABSOLUTE
    ..\USMART\usmart_config.c                0x00000000   Number         0  usmart_config.o ABSOLUTE
    ..\USMART\usmart_str.c                   0x00000000   Number         0  usmart_str.o ABSOLUTE
    ..\\SYSTEM\\sys\\sys.c                   0x00000000   Number         0  sys.o ABSOLUTE
    dc.s                                     0x00000000   Number         0  dc.o ABSOLUTE
    startup_stm32f10x_hd.s                   0x00000000   Number         0  startup_stm32f10x_hd.o ABSOLUTE
    test.c                                   0x00000000   Number         0  test.o ABSOLUTE
    RESET                                    0x08000000   Section      304  startup_stm32f10x_hd.o(RESET)
    !!!main                                  0x08000130   Section        8  __main.o(!!!main)
    !!!scatter                               0x08000138   Section       52  __scatter.o(!!!scatter)
    !!dczerorl2                              0x0800016c   Section       90  __dczerorl2.o(!!dczerorl2)
    !!handler_zi                             0x080001c8   Section       28  __scatter_zi.o(!!handler_zi)
    .ARM.Collect$$_printf_percent$$00000000  0x080001e4   Section        0  _printf_percent.o(.ARM.Collect$$_printf_percent$$00000000)
    .ARM.Collect$$_printf_percent$$00000009  0x080001e4   Section        6  _printf_d.o(.ARM.Collect$$_printf_percent$$00000009)
    .ARM.Collect$$_printf_percent$$0000000A  0x080001ea   Section        6  _printf_u.o(.ARM.Collect$$_printf_percent$$0000000A)
    .ARM.Collect$$_printf_percent$$0000000C  0x080001f0   Section        6  _printf_x.o(.ARM.Collect$$_printf_percent$$0000000C)
    .ARM.Collect$$_printf_percent$$00000013  0x080001f6   Section        6  _printf_c.o(.ARM.Collect$$_printf_percent$$00000013)
    .ARM.Collect$$_printf_percent$$00000014  0x080001fc   Section        6  _printf_s.o(.ARM.Collect$$_printf_percent$$00000014)
    .ARM.Collect$$_printf_percent$$00000017  0x08000202   Section        4  _printf_percent_end.o(.ARM.Collect$$_printf_percent$$00000017)
    .ARM.Collect$$libinit$$00000000          0x08000206   Section        2  libinit.o(.ARM.Collect$$libinit$$00000000)
    .ARM.Collect$$libinit$$00000002          0x08000208   Section        0  libinit2.o(.ARM.Collect$$libinit$$00000002)
    .ARM.Collect$$libinit$$00000004          0x08000208   Section        0  libinit2.o(.ARM.Collect$$libinit$$00000004)
    .ARM.Collect$$libinit$$0000000A          0x08000208   Section        0  libinit2.o(.ARM.Collect$$libinit$$0000000A)
    .ARM.Collect$$libinit$$0000000C          0x08000208   Section        0  libinit2.o(.ARM.Collect$$libinit$$0000000C)
    .ARM.Collect$$libinit$$0000000E          0x08000208   Section        0  libinit2.o(.ARM.Collect$$libinit$$0000000E)
    .ARM.Collect$$libinit$$00000011          0x08000208   Section        0  libinit2.o(.ARM.Collect$$libinit$$00000011)
    .ARM.Collect$$libinit$$00000013          0x08000208   Section        0  libinit2.o(.ARM.Collect$$libinit$$00000013)
    .ARM.Collect$$libinit$$00000015          0x08000208   Section        0  libinit2.o(.ARM.Collect$$libinit$$00000015)
    .ARM.Collect$$libinit$$00000017          0x08000208   Section        0  libinit2.o(.ARM.Collect$$libinit$$00000017)
    .ARM.Collect$$libinit$$00000019          0x08000208   Section        0  libinit2.o(.ARM.Collect$$libinit$$00000019)
    .ARM.Collect$$libinit$$0000001B          0x08000208   Section        0  libinit2.o(.ARM.Collect$$libinit$$0000001B)
    .ARM.Collect$$libinit$$0000001D          0x08000208   Section        0  libinit2.o(.ARM.Collect$$libinit$$0000001D)
    .ARM.Collect$$libinit$$0000001F          0x08000208   Section        0  libinit2.o(.ARM.Collect$$libinit$$0000001F)
    .ARM.Collect$$libinit$$00000021          0x08000208   Section        0  libinit2.o(.ARM.Collect$$libinit$$00000021)
    .ARM.Collect$$libinit$$00000023          0x08000208   Section        0  libinit2.o(.ARM.Collect$$libinit$$00000023)
    .ARM.Collect$$libinit$$00000025          0x08000208   Section        0  libinit2.o(.ARM.Collect$$libinit$$00000025)
    .ARM.Collect$$libinit$$0000002C          0x08000208   Section        0  libinit2.o(.ARM.Collect$$libinit$$0000002C)
    .ARM.Collect$$libinit$$0000002E          0x08000208   Section        0  libinit2.o(.ARM.Collect$$libinit$$0000002E)
    .ARM.Collect$$libinit$$00000030          0x08000208   Section        0  libinit2.o(.ARM.Collect$$libinit$$00000030)
    .ARM.Collect$$libinit$$00000032          0x08000208   Section        0  libinit2.o(.ARM.Collect$$libinit$$00000032)
    .ARM.Collect$$libinit$$00000033          0x08000208   Section        2  libinit2.o(.ARM.Collect$$libinit$$00000033)
    .ARM.Collect$$libshutdown$$00000000      0x0800020a   Section        2  libshutdown.o(.ARM.Collect$$libshutdown$$00000000)
    .ARM.Collect$$libshutdown$$00000003      0x0800020c   Section        0  libshutdown2.o(.ARM.Collect$$libshutdown$$00000003)
    .ARM.Collect$$libshutdown$$00000006      0x0800020c   Section        0  libshutdown2.o(.ARM.Collect$$libshutdown$$00000006)
    .ARM.Collect$$libshutdown$$00000009      0x0800020c   Section        0  libshutdown2.o(.ARM.Collect$$libshutdown$$00000009)
    .ARM.Collect$$libshutdown$$0000000B      0x0800020c   Section        0  libshutdown2.o(.ARM.Collect$$libshutdown$$0000000B)
    .ARM.Collect$$libshutdown$$0000000E      0x0800020c   Section        0  libshutdown2.o(.ARM.Collect$$libshutdown$$0000000E)
    .ARM.Collect$$libshutdown$$0000000F      0x0800020c   Section        2  libshutdown2.o(.ARM.Collect$$libshutdown$$0000000F)
    .ARM.Collect$$rtentry$$00000000          0x0800020e   Section        0  __rtentry.o(.ARM.Collect$$rtentry$$00000000)
    .ARM.Collect$$rtentry$$00000002          0x0800020e   Section        0  __rtentry2.o(.ARM.Collect$$rtentry$$00000002)
    .ARM.Collect$$rtentry$$00000004          0x0800020e   Section        6  __rtentry4.o(.ARM.Collect$$rtentry$$00000004)
    .ARM.Collect$$rtentry$$00000009          0x08000214   Section        0  __rtentry2.o(.ARM.Collect$$rtentry$$00000009)
    .ARM.Collect$$rtentry$$0000000A          0x08000214   Section        4  __rtentry2.o(.ARM.Collect$$rtentry$$0000000A)
    .ARM.Collect$$rtentry$$0000000C          0x08000218   Section        0  __rtentry2.o(.ARM.Collect$$rtentry$$0000000C)
    .ARM.Collect$$rtentry$$0000000D          0x08000218   Section        8  __rtentry2.o(.ARM.Collect$$rtentry$$0000000D)
    .ARM.Collect$$rtexit$$00000000           0x08000220   Section        2  rtexit.o(.ARM.Collect$$rtexit$$00000000)
    .ARM.Collect$$rtexit$$00000002           0x08000222   Section        0  rtexit2.o(.ARM.Collect$$rtexit$$00000002)
    .ARM.Collect$$rtexit$$00000003           0x08000222   Section        4  rtexit2.o(.ARM.Collect$$rtexit$$00000003)
    .ARM.Collect$$rtexit$$00000004           0x08000226   Section        6  rtexit2.o(.ARM.Collect$$rtexit$$00000004)
    .text                                    0x0800022c   Section       52  startup_stm32f10x_hd.o(.text)
    .text                                    0x08000260   Section        2  use_no_semi_2.o(.text)
    .text                                    0x08000264   Section        0  noretval__2printf.o(.text)
    .text                                    0x0800027c   Section        0  _printf_pad.o(.text)
    .text                                    0x080002ca   Section        0  _printf_str.o(.text)
    .text                                    0x0800031c   Section        0  _printf_dec.o(.text)
    .text                                    0x08000394   Section        0  _printf_hex_int.o(.text)
    .text                                    0x080003ec   Section        0  __printf_flags_ss_wp.o(.text)
    .text                                    0x08000574   Section        0  heapauxi.o(.text)
    .text                                    0x0800057a   Section        2  use_no_semi.o(.text)
    .text                                    0x0800057c   Section        0  _printf_intcommon.o(.text)
    .text                                    0x0800062e   Section        0  _printf_char.o(.text)
    .text                                    0x0800065c   Section        0  _printf_char_file.o(.text)
    .text                                    0x08000680   Section        0  _printf_char_common.o(.text)
    _printf_input_char                       0x08000681   Thumb Code    10  _printf_char_common.o(.text)
    .text                                    0x080006b0   Section        0  ferror.o(.text)
    .text                                    0x080006b8   Section       74  sys_stackheap_outer.o(.text)
    .text                                    0x08000702   Section        0  exit.o(.text)
    .text                                    0x08000710   Section        8  libspace.o(.text)
    i.EXTI0_IRQHandler                       0x08000718   Section        0  exti.o(i.EXTI0_IRQHandler)
    i.EXTI2_IRQHandler                       0x08000750   Section        0  exti.o(i.EXTI2_IRQHandler)
    i.EXTI3_IRQHandler                       0x08000788   Section        0  exti.o(i.EXTI3_IRQHandler)
    i.EXTI4_IRQHandler                       0x080007b8   Section        0  exti.o(i.EXTI4_IRQHandler)
    i.EXTI8_Init                             0x08000800   Section        0  exti.o(i.EXTI8_Init)
    i.EXTI9_5_IRQHandler                     0x0800081c   Section        0  exti.o(i.EXTI9_5_IRQHandler)
    i.Ex_NVIC_Config                         0x08000870   Section        0  sys.o(i.Ex_NVIC_Config)
    i.JTAG_Set                               0x080008d0   Section        0  sys.o(i.JTAG_Set)
    i.KEY_Init                               0x080008f8   Section        0  key.o(i.KEY_Init)
    i.LCD_Clear                              0x08000950   Section        0  ili93xx.o(i.LCD_Clear)
    i.LCD_Display_Dir                        0x080009bc   Section        0  ili93xx.o(i.LCD_Display_Dir)
    i.LCD_DrawLine                           0x08000af0   Section        0  ili93xx.o(i.LCD_DrawLine)
    i.LCD_DrawPoint                          0x08000b88   Section        0  ili93xx.o(i.LCD_DrawPoint)
    i.LCD_DrawRectangle                      0x08000ba4   Section        0  ili93xx.o(i.LCD_DrawRectangle)
    i.LCD_Draw_Circle                        0x08000bdc   Section        0  ili93xx.o(i.LCD_Draw_Circle)
    i.LCD_Fast_DrawPoint                     0x08000c8c   Section        0  ili93xx.o(i.LCD_Fast_DrawPoint)
    i.LCD_Fill                               0x08000da8   Section        0  ili93xx.o(i.LCD_Fill)
    i.LCD_Init                               0x08000e34   Section        0  ili93xx.o(i.LCD_Init)
    i.LCD_RD_DATA                            0x08003c8c   Section        0  ili93xx.o(i.LCD_RD_DATA)
    i.LCD_ReadReg                            0x08003ca0   Section        0  ili93xx.o(i.LCD_ReadReg)
    i.LCD_SSD_BackLightSet                   0x08003cb8   Section        0  ili93xx.o(i.LCD_SSD_BackLightSet)
    i.LCD_Scan_Dir                           0x08003cf4   Section        0  ili93xx.o(i.LCD_Scan_Dir)
    i.LCD_SetCursor                          0x08003e9c   Section        0  ili93xx.o(i.LCD_SetCursor)
    i.LCD_Set_Window                         0x08003fe4   Section        0  ili93xx.o(i.LCD_Set_Window)
    i.LCD_ShowChar                           0x08004160   Section        0  ili93xx.o(i.LCD_ShowChar)
    i.LCD_ShowString                         0x0800422c   Section        0  ili93xx.o(i.LCD_ShowString)
    i.LCD_WriteRAM_Prepare                   0x08004280   Section        0  ili93xx.o(i.LCD_WriteRAM_Prepare)
    i.LCD_WriteReg                           0x08004294   Section        0  ili93xx.o(i.LCD_WriteReg)
    i.LED_Init                               0x080042a4   Section        0  led.o(i.LED_Init)
    i.MYRCC_DeInit                           0x08004300   Section        0  sys.o(i.MYRCC_DeInit)
    i.MY_NVIC_Init                           0x0800434c   Section        0  sys.o(i.MY_NVIC_Init)
    i.MY_NVIC_PriorityGroupConfig            0x08004398   Section        0  sys.o(i.MY_NVIC_PriorityGroupConfig)
    i.MY_NVIC_SetVectorTable                 0x080043bc   Section        0  sys.o(i.MY_NVIC_SetVectorTable)
    i.OV7670_Brightness                      0x080043d0   Section        0  ov7670.o(i.OV7670_Brightness)
    i.OV7670_Color_Saturation                0x080043f6   Section        0  ov7670.o(i.OV7670_Color_Saturation)
    i.OV7670_Contrast                        0x08004468   Section        0  ov7670.o(i.OV7670_Contrast)
    i.OV7670_Init                            0x08004490   Section        0  ov7670.o(i.OV7670_Init)
    i.OV7670_Light_Mode                      0x080045b0   Section        0  ov7670.o(i.OV7670_Light_Mode)
    i.OV7670_Special_Effects                 0x08004602   Section        0  ov7670.o(i.OV7670_Special_Effects)
    i.OV7670_Window_Set                      0x08004656   Section        0  ov7670.o(i.OV7670_Window_Set)
    i.SCCB_Init                              0x080046c4   Section        0  sccb.o(i.SCCB_Init)
    i.SCCB_No_Ack                            0x0800472c   Section        0  sccb.o(i.SCCB_No_Ack)
    i.SCCB_RD_Byte                           0x08004770   Section        0  sccb.o(i.SCCB_RD_Byte)
    i.SCCB_RD_Reg                            0x080047e4   Section        0  sccb.o(i.SCCB_RD_Reg)
    i.SCCB_Start                             0x08004830   Section        0  sccb.o(i.SCCB_Start)
    i.SCCB_Stop                              0x08004864   Section        0  sccb.o(i.SCCB_Stop)
    i.SCCB_WR_Byte                           0x0800489c   Section        0  sccb.o(i.SCCB_WR_Byte)
    i.SCCB_WR_Reg                            0x0800492c   Section        0  sccb.o(i.SCCB_WR_Reg)
    i.Stm32_Clock_Init                       0x0800496c   Section        0  sys.o(i.Stm32_Clock_Init)
    i.TIM3_IRQHandler                        0x080049d8   Section        0  timer.o(i.TIM3_IRQHandler)
    i.TIM4_IRQHandler                        0x08004a04   Section        0  usmart.o(i.TIM4_IRQHandler)
    i.TIM5_IRQHandler                        0x08004a38   Section        0  timer.o(i.TIM5_IRQHandler)
    i.TIM6_IRQHandler                        0x08004ab0   Section        0  timer.o(i.TIM6_IRQHandler)
    i.Timer4_Init                            0x08004aec   Section        0  usmart.o(i.Timer4_Init)
    i.USART1_IRQHandler                      0x08004b2c   Section        0  usart.o(i.USART1_IRQHandler)
    i._is_digit                              0x08004b88   Section        0  __printf_wp.o(i._is_digit)
    i._sys_exit                              0x08004b96   Section        0  usart.o(i._sys_exit)
    i.camera_refresh                         0x08004b98   Section        0  test.o(i.camera_refresh)
    i.delay_init                             0x08004d6c   Section        0  delay.o(i.delay_init)
    i.delay_ms                               0x08004d98   Section        0  delay.o(i.delay_ms)
    i.delay_us                               0x08004dc0   Section        0  delay.o(i.delay_us)
    i.fputc                                  0x08004de8   Section        0  usart.o(i.fputc)
    i.main                                   0x08004e00   Section        0  test.o(i.main)
    i.read_addr                              0x08005058   Section        0  usmart.o(i.read_addr)
    i.uart_init                              0x0800505c   Section        0  usart.o(i.uart_init)
    i.usmart_cmd_rec                         0x0800510c   Section        0  usmart.o(i.usmart_cmd_rec)
    i.usmart_exe                             0x080051a0   Section        0  usmart.o(i.usmart_exe)
    i.usmart_get_aparm                       0x08005400   Section        0  usmart_str.o(i.usmart_get_aparm)
    i.usmart_get_cmdname                     0x080054a4   Section        0  usmart_str.o(i.usmart_get_cmdname)
    i.usmart_get_fname                       0x080054d4   Section        0  usmart_str.o(i.usmart_get_fname)
    i.usmart_get_fparam                      0x0800563c   Section        0  usmart_str.o(i.usmart_get_fparam)
    i.usmart_get_parmpos                     0x0800570c   Section        0  usmart_str.o(i.usmart_get_parmpos)
    i.usmart_get_runtime                     0x08005730   Section        0  usmart.o(i.usmart_get_runtime)
    i.usmart_init                            0x08005760   Section        0  usmart.o(i.usmart_init)
    i.usmart_pow                             0x08005788   Section        0  usmart_str.o(i.usmart_pow)
    i.usmart_reset_runtime                   0x08005798   Section        0  usmart.o(i.usmart_reset_runtime)
    i.usmart_scan                            0x080057c4   Section        0  usmart.o(i.usmart_scan)
    i.usmart_search_nextc                    0x08005868   Section        0  usmart_str.o(i.usmart_search_nextc)
    i.usmart_str2num                         0x08005878   Section        0  usmart_str.o(i.usmart_str2num)
    i.usmart_strcmp                          0x0800594e   Section        0  usmart_str.o(i.usmart_strcmp)
    i.usmart_strcopy                         0x08005966   Section        0  usmart_str.o(i.usmart_strcopy)
    i.usmart_strlen                          0x08005978   Section        0  usmart_str.o(i.usmart_strlen)
    i.usmart_sys_cmd_exe                     0x0800598c   Section        0  usmart.o(i.usmart_sys_cmd_exe)
    i.write_addr                             0x0800600c   Section        0  usmart.o(i.write_addr)
    x$fpl$dfixu                              0x08006010   Section       90  dfixu.o(x$fpl$dfixu)
    x$fpl$dfltu                              0x0800606a   Section       38  dflt_clz.o(x$fpl$dfltu)
    x$fpl$dmul                               0x08006090   Section      340  dmul.o(x$fpl$dmul)
    x$fpl$dnaninf                            0x080061e4   Section      156  dnaninf.o(x$fpl$dnaninf)
    x$fpl$dretinf                            0x08006280   Section       12  dretinf.o(x$fpl$dretinf)
    x$fpl$fadd                               0x0800628c   Section      196  faddsub_clz.o(x$fpl$fadd)
    _fadd1                                   0x0800629b   Thumb Code     0  faddsub_clz.o(x$fpl$fadd)
    x$fpl$fcheck1                            0x08006350   Section       12  fcheck1.o(x$fpl$fcheck1)
    x$fpl$fdiv                               0x0800635c   Section      388  fdiv.o(x$fpl$fdiv)
    _fdiv1                                   0x0800635d   Thumb Code     0  fdiv.o(x$fpl$fdiv)
    x$fpl$ffixu                              0x080064e0   Section       62  ffixu.o(x$fpl$ffixu)
    x$fpl$ffltu                              0x08006520   Section       38  fflt_clz.o(x$fpl$ffltu)
    x$fpl$fnaninf                            0x08006546   Section      140  fnaninf.o(x$fpl$fnaninf)
    x$fpl$fretinf                            0x080065d2   Section       10  fretinf.o(x$fpl$fretinf)
    x$fpl$frsb                               0x080065dc   Section       20  faddsub_clz.o(x$fpl$frsb)
    x$fpl$fsub                               0x080065f0   Section      234  faddsub_clz.o(x$fpl$fsub)
    _fsub1                                   0x080065ff   Thumb Code     0  faddsub_clz.o(x$fpl$fsub)
    x$fpl$retnan                             0x080066da   Section      100  retnan.o(x$fpl$retnan)
    x$fpl$scalbnf                            0x0800673e   Section       76  scalbnf.o(x$fpl$scalbnf)
    x$fpl$trapveneer                         0x0800678a   Section       48  trapv.o(x$fpl$trapveneer)
    .constdata                               0x080067ba   Section     6080  ili93xx.o(.constdata)
    x$fpl$usenofp                            0x080067ba   Section        0  usenofp.o(x$fpl$usenofp)
    .constdata                               0x08007f7a   Section      336  ov7670.o(.constdata)
    .constdata                               0x080080ca   Section       40  _printf_hex_int.o(.constdata)
    uc_hextab                                0x080080ca   Data          20  _printf_hex_int.o(.constdata)
    lc_hextab                                0x080080de   Data          20  _printf_hex_int.o(.constdata)
    .constdata                               0x080080f2   Section       17  __printf_flags_ss_wp.o(.constdata)
    maptable                                 0x080080f2   Data          17  __printf_flags_ss_wp.o(.constdata)
    .conststring                             0x08008104   Section       40  usmart.o(.conststring)
    .conststring                             0x0800812c   Section      223  usmart_config.o(.conststring)
    .data                                    0x20000000   Section       36  test.o(.data)
    .data                                    0x20000024   Section        4  delay.o(.data)
    fac_us                                   0x20000024   Data           1  delay.o(.data)
    fac_ms                                   0x20000026   Data           2  delay.o(.data)
    .data                                    0x20000028   Section        2  usart.o(.data)
    .data                                    0x2000002c   Section        4  usart.o(.data)
    .data                                    0x20000030   Section        4  ili93xx.o(.data)
    .data                                    0x20000034   Section        1  exti.o(.data)
    .data                                    0x20000036   Section        4  timer.o(.data)
    .data                                    0x2000003c   Section       28  usmart.o(.data)
    .data                                    0x20000058   Section       56  usmart_config.o(.data)
    .data                                    0x20000090   Section      244  usmart_config.o(.data)
    .bss                                     0x20000184   Section      200  usart.o(.bss)
    .bss                                     0x2000024c   Section       14  ili93xx.o(.bss)
    .bss                                     0x2000025c   Section       96  libspace.o(.bss)
    HEAP                                     0x200002c0   Section        0  startup_stm32f10x_hd.o(HEAP)
    STACK                                    0x200002c0   Section     1024  startup_stm32f10x_hd.o(STACK)
    Heap_Mem                                 0x200002c0   Data           0  startup_stm32f10x_hd.o(HEAP)
    Stack_Mem                                0x200002c0   Data        1024  startup_stm32f10x_hd.o(STACK)
    __initial_sp                             0x200006c0   Data           0  startup_stm32f10x_hd.o(STACK)

    Global Symbols

    Symbol Name                              Value     Ov Type        Size  Object(Section)

    BuildAttributes$$THM_ISAv4$P$D$K$B$S$PE$A:L22UL41UL21$X:L11$S22US41US21$IEEE1$IW$USESV6$~STKCKD$USESV7$~SHL$OSPACE$ROPI$EBA8$UX$STANDARDLIB$REQ8$PRES8$EABIv2 0x00000000   Number         0  anon$$obj.o ABSOLUTE
    __ARM_use_no_argv                        0x00000000   Number         0  test.o ABSOLUTE
    _printf_flags                            0x00000000   Number         0  printf_stubs.o ABSOLUTE
    _printf_return_value                     0x00000000   Number         0  printf_stubs.o ABSOLUTE
    _printf_sizespec                         0x00000000   Number         0  printf_stubs.o ABSOLUTE
    _printf_widthprec                        0x00000000   Number         0  printf_stubs.o ABSOLUTE
    __ARM_exceptions_init                     - Undefined Weak Reference
    __alloca_initialize                       - Undefined Weak Reference
    __arm_preinit_                            - Undefined Weak Reference
    __cpp_initialize__aeabi_                  - Undefined Weak Reference
    __cxa_finalize                            - Undefined Weak Reference
    __rt_locale                               - Undefined Weak Reference
    __sigvec_lookup                           - Undefined Weak Reference
    _atexit_init                              - Undefined Weak Reference
    _call_atexit_fns                          - Undefined Weak Reference
    _clock_init                               - Undefined Weak Reference
    _fp_trap_init                             - Undefined Weak Reference
    _fp_trap_shutdown                         - Undefined Weak Reference
    _get_lc_collate                           - Undefined Weak Reference
    _get_lc_ctype                             - Undefined Weak Reference
    _get_lc_monetary                          - Undefined Weak Reference
    _get_lc_numeric                           - Undefined Weak Reference
    _get_lc_time                              - Undefined Weak Reference
    _getenv_init                              - Undefined Weak Reference
    _handle_redirection                       - Undefined Weak Reference
    _init_alloc                               - Undefined Weak Reference
    _init_user_alloc                          - Undefined Weak Reference
    _initio                                   - Undefined Weak Reference
    _mutex_acquire                            - Undefined Weak Reference
    _mutex_release                            - Undefined Weak Reference
    _printf_mbtowc                            - Undefined Weak Reference
    _printf_truncate_signed                   - Undefined Weak Reference
    _printf_truncate_unsigned                 - Undefined Weak Reference
    _rand_init                                - Undefined Weak Reference
    _signal_finish                            - Undefined Weak Reference
    _signal_init                              - Undefined Weak Reference
    _terminate_alloc                          - Undefined Weak Reference
    _terminate_user_alloc                     - Undefined Weak Reference
    _terminateio                              - Undefined Weak Reference
    __Vectors_Size                           0x00000130   Number         0  startup_stm32f10x_hd.o ABSOLUTE
    __Vectors                                0x08000000   Data           4  startup_stm32f10x_hd.o(RESET)
    __Vectors_End                            0x08000130   Data           0  startup_stm32f10x_hd.o(RESET)
    __main                                   0x08000131   Thumb Code     8  __main.o(!!!main)
    __scatterload                            0x08000139   Thumb Code     0  __scatter.o(!!!scatter)
    __scatterload_rt2                        0x08000139   Thumb Code    44  __scatter.o(!!!scatter)
    __scatterload_rt2_thumb_only             0x08000139   Thumb Code     0  __scatter.o(!!!scatter)
    __scatterload_null                       0x08000147   Thumb Code     0  __scatter.o(!!!scatter)
    __decompress                             0x0800016d   Thumb Code    90  __dczerorl2.o(!!dczerorl2)
    __decompress1                            0x0800016d   Thumb Code     0  __dczerorl2.o(!!dczerorl2)
    __scatterload_zeroinit                   0x080001c9   Thumb Code    28  __scatter_zi.o(!!handler_zi)
    _printf_d                                0x080001e5   Thumb Code     0  _printf_d.o(.ARM.Collect$$_printf_percent$$00000009)
    _printf_percent                          0x080001e5   Thumb Code     0  _printf_percent.o(.ARM.Collect$$_printf_percent$$00000000)
    _printf_u                                0x080001eb   Thumb Code     0  _printf_u.o(.ARM.Collect$$_printf_percent$$0000000A)
    _printf_x                                0x080001f1   Thumb Code     0  _printf_x.o(.ARM.Collect$$_printf_percent$$0000000C)
    _printf_c                                0x080001f7   Thumb Code     0  _printf_c.o(.ARM.Collect$$_printf_percent$$00000013)
    _printf_s                                0x080001fd   Thumb Code     0  _printf_s.o(.ARM.Collect$$_printf_percent$$00000014)
    _printf_percent_end                      0x08000203   Thumb Code     0  _printf_percent_end.o(.ARM.Collect$$_printf_percent$$00000017)
    __rt_lib_init                            0x08000207   Thumb Code     0  libinit.o(.ARM.Collect$$libinit$$00000000)
    __rt_lib_init_alloca_1                   0x08000209   Thumb Code     0  libinit2.o(.ARM.Collect$$libinit$$0000002E)
    __rt_lib_init_argv_1                     0x08000209   Thumb Code     0  libinit2.o(.ARM.Collect$$libinit$$0000002C)
    __rt_lib_init_atexit_1                   0x08000209   Thumb Code     0  libinit2.o(.ARM.Collect$$libinit$$0000001B)
    __rt_lib_init_clock_1                    0x08000209   Thumb Code     0  libinit2.o(.ARM.Collect$$libinit$$00000021)
    __rt_lib_init_cpp_1                      0x08000209   Thumb Code     0  libinit2.o(.ARM.Collect$$libinit$$00000032)
    __rt_lib_init_exceptions_1               0x08000209   Thumb Code     0  libinit2.o(.ARM.Collect$$libinit$$00000030)
    __rt_lib_init_fp_1                       0x08000209   Thumb Code     0  libinit2.o(.ARM.Collect$$libinit$$00000002)
    __rt_lib_init_fp_trap_1                  0x08000209   Thumb Code     0  libinit2.o(.ARM.Collect$$libinit$$0000001F)
    __rt_lib_init_getenv_1                   0x08000209   Thumb Code     0  libinit2.o(.ARM.Collect$$libinit$$00000023)
    __rt_lib_init_heap_1                     0x08000209   Thumb Code     0  libinit2.o(.ARM.Collect$$libinit$$0000000A)
    __rt_lib_init_lc_collate_1               0x08000209   Thumb Code     0  libinit2.o(.ARM.Collect$$libinit$$00000011)
    __rt_lib_init_lc_ctype_1                 0x08000209   Thumb Code     0  libinit2.o(.ARM.Collect$$libinit$$00000013)
    __rt_lib_init_lc_monetary_1              0x08000209   Thumb Code     0  libinit2.o(.ARM.Collect$$libinit$$00000015)
    __rt_lib_init_lc_numeric_1               0x08000209   Thumb Code     0  libinit2.o(.ARM.Collect$$libinit$$00000017)
    __rt_lib_init_lc_time_1                  0x08000209   Thumb Code     0  libinit2.o(.ARM.Collect$$libinit$$00000019)
    __rt_lib_init_preinit_1                  0x08000209   Thumb Code     0  libinit2.o(.ARM.Collect$$libinit$$00000004)
    __rt_lib_init_rand_1                     0x08000209   Thumb Code     0  libinit2.o(.ARM.Collect$$libinit$$0000000E)
    __rt_lib_init_return                     0x08000209   Thumb Code     0  libinit2.o(.ARM.Collect$$libinit$$00000033)
    __rt_lib_init_signal_1                   0x08000209   Thumb Code     0  libinit2.o(.ARM.Collect$$libinit$$0000001D)
    __rt_lib_init_stdio_1                    0x08000209   Thumb Code     0  libinit2.o(.ARM.Collect$$libinit$$00000025)
    __rt_lib_init_user_alloc_1               0x08000209   Thumb Code     0  libinit2.o(.ARM.Collect$$libinit$$0000000C)
    __rt_lib_shutdown                        0x0800020b   Thumb Code     0  libshutdown.o(.ARM.Collect$$libshutdown$$00000000)
    __rt_lib_shutdown_fp_trap_1              0x0800020d   Thumb Code     0  libshutdown2.o(.ARM.Collect$$libshutdown$$00000006)
    __rt_lib_shutdown_heap_1                 0x0800020d   Thumb Code     0  libshutdown2.o(.ARM.Collect$$libshutdown$$0000000E)
    __rt_lib_shutdown_return                 0x0800020d   Thumb Code     0  libshutdown2.o(.ARM.Collect$$libshutdown$$0000000F)
    __rt_lib_shutdown_signal_1               0x0800020d   Thumb Code     0  libshutdown2.o(.ARM.Collect$$libshutdown$$00000009)
    __rt_lib_shutdown_stdio_1                0x0800020d   Thumb Code     0  libshutdown2.o(.ARM.Collect$$libshutdown$$00000003)
    __rt_lib_shutdown_user_alloc_1           0x0800020d   Thumb Code     0  libshutdown2.o(.ARM.Collect$$libshutdown$$0000000B)
    __rt_entry                               0x0800020f   Thumb Code     0  __rtentry.o(.ARM.Collect$$rtentry$$00000000)
    __rt_entry_presh_1                       0x0800020f   Thumb Code     0  __rtentry2.o(.ARM.Collect$$rtentry$$00000002)
    __rt_entry_sh                            0x0800020f   Thumb Code     0  __rtentry4.o(.ARM.Collect$$rtentry$$00000004)
    __rt_entry_li                            0x08000215   Thumb Code     0  __rtentry2.o(.ARM.Collect$$rtentry$$0000000A)
    __rt_entry_postsh_1                      0x08000215   Thumb Code     0  __rtentry2.o(.ARM.Collect$$rtentry$$00000009)
    __rt_entry_main                          0x08000219   Thumb Code     0  __rtentry2.o(.ARM.Collect$$rtentry$$0000000D)
    __rt_entry_postli_1                      0x08000219   Thumb Code     0  __rtentry2.o(.ARM.Collect$$rtentry$$0000000C)
    __rt_exit                                0x08000221   Thumb Code     0  rtexit.o(.ARM.Collect$$rtexit$$00000000)
    __rt_exit_ls                             0x08000223   Thumb Code     0  rtexit2.o(.ARM.Collect$$rtexit$$00000003)
    __rt_exit_prels_1                        0x08000223   Thumb Code     0  rtexit2.o(.ARM.Collect$$rtexit$$00000002)
    __rt_exit_exit                           0x08000227   Thumb Code     0  rtexit2.o(.ARM.Collect$$rtexit$$00000004)
    Reset_Handler                            0x0800022d   Thumb Code     4  startup_stm32f10x_hd.o(.text)
    NMI_Handler                              0x08000231   Thumb Code     2  startup_stm32f10x_hd.o(.text)
    HardFault_Handler                        0x08000233   Thumb Code     2  startup_stm32f10x_hd.o(.text)
    MemManage_Handler                        0x08000235   Thumb Code     2  startup_stm32f10x_hd.o(.text)
    BusFault_Handler                         0x08000237   Thumb Code     2  startup_stm32f10x_hd.o(.text)
    UsageFault_Handler                       0x08000239   Thumb Code     2  startup_stm32f10x_hd.o(.text)
    SVC_Handler                              0x0800023b   Thumb Code     2  startup_stm32f10x_hd.o(.text)
    DebugMon_Handler                         0x0800023d   Thumb Code     2  startup_stm32f10x_hd.o(.text)
    PendSV_Handler                           0x0800023f   Thumb Code     2  startup_stm32f10x_hd.o(.text)
    SysTick_Handler                          0x08000241   Thumb Code     2  startup_stm32f10x_hd.o(.text)
    ADC1_2_IRQHandler                        0x08000243   Thumb Code     0  startup_stm32f10x_hd.o(.text)
    ADC3_IRQHandler                          0x08000243   Thumb Code     0  startup_stm32f10x_hd.o(.text)
    CAN1_RX1_IRQHandler                      0x08000243   Thumb Code     0  startup_stm32f10x_hd.o(.text)
    CAN1_SCE_IRQHandler                      0x08000243   Thumb Code     0  startup_stm32f10x_hd.o(.text)
    DMA1_Channel1_IRQHandler                 0x08000243   Thumb Code     0  startup_stm32f10x_hd.o(.text)
    DMA1_Channel2_IRQHandler                 0x08000243   Thumb Code     0  startup_stm32f10x_hd.o(.text)
    DMA1_Channel3_IRQHandler                 0x08000243   Thumb Code     0  startup_stm32f10x_hd.o(.text)
    DMA1_Channel4_IRQHandler                 0x08000243   Thumb Code     0  startup_stm32f10x_hd.o(.text)
    DMA1_Channel5_IRQHandler                 0x08000243   Thumb Code     0  startup_stm32f10x_hd.o(.text)
    DMA1_Channel6_IRQHandler                 0x08000243   Thumb Code     0  startup_stm32f10x_hd.o(.text)
    DMA1_Channel7_IRQHandler                 0x08000243   Thumb Code     0  startup_stm32f10x_hd.o(.text)
    DMA2_Channel1_IRQHandler                 0x08000243   Thumb Code     0  startup_stm32f10x_hd.o(.text)
    DMA2_Channel2_IRQHandler                 0x08000243   Thumb Code     0  startup_stm32f10x_hd.o(.text)
    DMA2_Channel3_IRQHandler                 0x08000243   Thumb Code     0  startup_stm32f10x_hd.o(.text)
    DMA2_Channel4_5_IRQHandler               0x08000243   Thumb Code     0  startup_stm32f10x_hd.o(.text)
    EXTI15_10_IRQHandler                     0x08000243   Thumb Code     0  startup_stm32f10x_hd.o(.text)
    EXTI1_IRQHandler                         0x08000243   Thumb Code     0  startup_stm32f10x_hd.o(.text)
    FLASH_IRQHandler                         0x08000243   Thumb Code     0  startup_stm32f10x_hd.o(.text)
    FSMC_IRQHandler                          0x08000243   Thumb Code     0  startup_stm32f10x_hd.o(.text)
    I2C1_ER_IRQHandler                       0x08000243   Thumb Code     0  startup_stm32f10x_hd.o(.text)
    I2C1_EV_IRQHandler                       0x08000243   Thumb Code     0  startup_stm32f10x_hd.o(.text)
    I2C2_ER_IRQHandler                       0x08000243   Thumb Code     0  startup_stm32f10x_hd.o(.text)
    I2C2_EV_IRQHandler                       0x08000243   Thumb Code     0  startup_stm32f10x_hd.o(.text)
    PVD_IRQHandler                           0x08000243   Thumb Code     0  startup_stm32f10x_hd.o(.text)
    RCC_IRQHandler                           0x08000243   Thumb Code     0  startup_stm32f10x_hd.o(.text)
    RTCAlarm_IRQHandler                      0x08000243   Thumb Code     0  startup_stm32f10x_hd.o(.text)
    RTC_IRQHandler                           0x08000243   Thumb Code     0  startup_stm32f10x_hd.o(.text)
    SDIO_IRQHandler                          0x08000243   Thumb Code     0  startup_stm32f10x_hd.o(.text)
    SPI1_IRQHandler                          0x08000243   Thumb Code     0  startup_stm32f10x_hd.o(.text)
    SPI2_IRQHandler                          0x08000243   Thumb Code     0  startup_stm32f10x_hd.o(.text)
    SPI3_IRQHandler                          0x08000243   Thumb Code     0  startup_stm32f10x_hd.o(.text)
    TAMPER_IRQHandler                        0x08000243   Thumb Code     0  startup_stm32f10x_hd.o(.text)
    TIM1_BRK_IRQHandler                      0x08000243   Thumb Code     0  startup_stm32f10x_hd.o(.text)
    TIM1_CC_IRQHandler                       0x08000243   Thumb Code     0  startup_stm32f10x_hd.o(.text)
    TIM1_TRG_COM_IRQHandler                  0x08000243   Thumb Code     0  startup_stm32f10x_hd.o(.text)
    TIM1_UP_IRQHandler                       0x08000243   Thumb Code     0  startup_stm32f10x_hd.o(.text)
    TIM2_IRQHandler                          0x08000243   Thumb Code     0  startup_stm32f10x_hd.o(.text)
    TIM7_IRQHandler                          0x08000243   Thumb Code     0  startup_stm32f10x_hd.o(.text)
    TIM8_BRK_IRQHandler                      0x08000243   Thumb Code     0  startup_stm32f10x_hd.o(.text)
    TIM8_CC_IRQHandler                       0x08000243   Thumb Code     0  startup_stm32f10x_hd.o(.text)
    TIM8_TRG_COM_IRQHandler                  0x08000243   Thumb Code     0  startup_stm32f10x_hd.o(.text)
    TIM8_UP_IRQHandler                       0x08000243   Thumb Code     0  startup_stm32f10x_hd.o(.text)
    UART4_IRQHandler                         0x08000243   Thumb Code     0  startup_stm32f10x_hd.o(.text)
    UART5_IRQHandler                         0x08000243   Thumb Code     0  startup_stm32f10x_hd.o(.text)
    USART2_IRQHandler                        0x08000243   Thumb Code     0  startup_stm32f10x_hd.o(.text)
    USART3_IRQHandler                        0x08000243   Thumb Code     0  startup_stm32f10x_hd.o(.text)
    USBWakeUp_IRQHandler                     0x08000243   Thumb Code     0  startup_stm32f10x_hd.o(.text)
    USB_HP_CAN1_TX_IRQHandler                0x08000243   Thumb Code     0  startup_stm32f10x_hd.o(.text)
    USB_LP_CAN1_RX0_IRQHandler               0x08000243   Thumb Code     0  startup_stm32f10x_hd.o(.text)
    WWDG_IRQHandler                          0x08000243   Thumb Code     0  startup_stm32f10x_hd.o(.text)
    __user_initial_stackheap                 0x08000245   Thumb Code     0  startup_stm32f10x_hd.o(.text)
    __use_no_semihosting                     0x08000261   Thumb Code     2  use_no_semi_2.o(.text)
    __2printf                                0x08000265   Thumb Code    20  noretval__2printf.o(.text)
    _printf_pre_padding                      0x0800027d   Thumb Code    44  _printf_pad.o(.text)
    _printf_post_padding                     0x080002a9   Thumb Code    34  _printf_pad.o(.text)
    _printf_str                              0x080002cb   Thumb Code    82  _printf_str.o(.text)
    _printf_int_dec                          0x0800031d   Thumb Code   104  _printf_dec.o(.text)
    _printf_int_hex                          0x08000395   Thumb Code    84  _printf_hex_int.o(.text)
    _printf_longlong_hex                     0x08000395   Thumb Code     0  _printf_hex_int.o(.text)
    __printf                                 0x080003ed   Thumb Code   388  __printf_flags_ss_wp.o(.text)
    __use_two_region_memory                  0x08000575   Thumb Code     2  heapauxi.o(.text)
    __rt_heap_escrow$2region                 0x08000577   Thumb Code     2  heapauxi.o(.text)
    __rt_heap_expand$2region                 0x08000579   Thumb Code     2  heapauxi.o(.text)
    __I$use$semihosting                      0x0800057b   Thumb Code     0  use_no_semi.o(.text)
    __use_no_semihosting_swi                 0x0800057b   Thumb Code     2  use_no_semi.o(.text)
    _printf_int_common                       0x0800057d   Thumb Code   178  _printf_intcommon.o(.text)
    _printf_cs_common                        0x0800062f   Thumb Code    20  _printf_char.o(.text)
    _printf_char                             0x08000643   Thumb Code    16  _printf_char.o(.text)
    _printf_string                           0x08000653   Thumb Code     8  _printf_char.o(.text)
    _printf_char_file                        0x0800065d   Thumb Code    32  _printf_char_file.o(.text)
    _printf_char_common                      0x0800068b   Thumb Code    32  _printf_char_common.o(.text)
    ferror                                   0x080006b1   Thumb Code     8  ferror.o(.text)
    __user_setup_stackheap                   0x080006b9   Thumb Code    74  sys_stackheap_outer.o(.text)
    exit                                     0x08000703   Thumb Code    12  exit.o(.text)
    __user_libspace                          0x08000711   Thumb Code     8  libspace.o(.text)
    __user_perproc_libspace                  0x08000711   Thumb Code     0  libspace.o(.text)
    __user_perthread_libspace                0x08000711   Thumb Code     0  libspace.o(.text)
    EXTI0_IRQHandler                         0x08000719   Thumb Code    44  exti.o(i.EXTI0_IRQHandler)
    EXTI2_IRQHandler                         0x08000751   Thumb Code    42  exti.o(i.EXTI2_IRQHandler)
    EXTI3_IRQHandler                         0x08000789   Thumb Code    40  exti.o(i.EXTI3_IRQHandler)
    EXTI4_IRQHandler                         0x080007b9   Thumb Code    58  exti.o(i.EXTI4_IRQHandler)
    EXTI8_Init                               0x08000801   Thumb Code    28  exti.o(i.EXTI8_Init)
    EXTI9_5_IRQHandler                       0x0800081d   Thumb Code    62  exti.o(i.EXTI9_5_IRQHandler)
    Ex_NVIC_Config                           0x08000871   Thumb Code    84  sys.o(i.Ex_NVIC_Config)
    JTAG_Set                                 0x080008d1   Thumb Code    30  sys.o(i.JTAG_Set)
    KEY_Init                                 0x080008f9   Thumb Code    68  key.o(i.KEY_Init)
    LCD_Clear                                0x08000951   Thumb Code   100  ili93xx.o(i.LCD_Clear)
    LCD_Display_Dir                          0x080009bd   Thumb Code   304  ili93xx.o(i.LCD_Display_Dir)
    LCD_DrawLine                             0x08000af1   Thumb Code   150  ili93xx.o(i.LCD_DrawLine)
    LCD_DrawPoint                            0x08000b89   Thumb Code    20  ili93xx.o(i.LCD_DrawPoint)
    LCD_DrawRectangle                        0x08000ba5   Thumb Code    56  ili93xx.o(i.LCD_DrawRectangle)
    LCD_Draw_Circle                          0x08000bdd   Thumb Code   176  ili93xx.o(i.LCD_Draw_Circle)
    LCD_Fast_DrawPoint                       0x08000c8d   Thumb Code   276  ili93xx.o(i.LCD_Fast_DrawPoint)
    LCD_Fill                                 0x08000da9   Thumb Code   132  ili93xx.o(i.LCD_Fill)
    LCD_Init                                 0x08000e35   Thumb Code 11860  ili93xx.o(i.LCD_Init)
    LCD_RD_DATA                              0x08003c8d   Thumb Code    16  ili93xx.o(i.LCD_RD_DATA)
    LCD_ReadReg                              0x08003ca1   Thumb Code    20  ili93xx.o(i.LCD_ReadReg)
    LCD_SSD_BackLightSet                     0x08003cb9   Thumb Code    50  ili93xx.o(i.LCD_SSD_BackLightSet)
    LCD_Scan_Dir                             0x08003cf5   Thumb Code   414  ili93xx.o(i.LCD_Scan_Dir)
    LCD_SetCursor                            0x08003e9d   Thumb Code   320  ili93xx.o(i.LCD_SetCursor)
    LCD_Set_Window                           0x08003fe5   Thumb Code   370  ili93xx.o(i.LCD_Set_Window)
    LCD_ShowChar                             0x08004161   Thumb Code   182  ili93xx.o(i.LCD_ShowChar)
    LCD_ShowString                           0x0800422d   Thumb Code    84  ili93xx.o(i.LCD_ShowString)
    LCD_WriteRAM_Prepare                     0x08004281   Thumb Code    10  ili93xx.o(i.LCD_WriteRAM_Prepare)
    LCD_WriteReg                             0x08004295   Thumb Code    10  ili93xx.o(i.LCD_WriteReg)
    LED_Init                                 0x080042a5   Thumb Code    80  led.o(i.LED_Init)
    MYRCC_DeInit                             0x08004301   Thumb Code    64  sys.o(i.MYRCC_DeInit)
    MY_NVIC_Init                             0x0800434d   Thumb Code    74  sys.o(i.MY_NVIC_Init)
    MY_NVIC_PriorityGroupConfig              0x08004399   Thumb Code    26  sys.o(i.MY_NVIC_PriorityGroupConfig)
    MY_NVIC_SetVectorTable                   0x080043bd   Thumb Code    12  sys.o(i.MY_NVIC_SetVectorTable)
    OV7670_Brightness                        0x080043d1   Thumb Code    38  ov7670.o(i.OV7670_Brightness)
    OV7670_Color_Saturation                  0x080043f7   Thumb Code   114  ov7670.o(i.OV7670_Color_Saturation)
    OV7670_Contrast                          0x08004469   Thumb Code    38  ov7670.o(i.OV7670_Contrast)
    OV7670_Init                              0x08004491   Thumb Code   258  ov7670.o(i.OV7670_Init)
    OV7670_Light_Mode                        0x080045b1   Thumb Code    82  ov7670.o(i.OV7670_Light_Mode)
    OV7670_Special_Effects                   0x08004603   Thumb Code    84  ov7670.o(i.OV7670_Special_Effects)
    OV7670_Window_Set                        0x08004657   Thumb Code   110  ov7670.o(i.OV7670_Window_Set)
    SCCB_Init                                0x080046c5   Thumb Code    92  sccb.o(i.SCCB_Init)
    SCCB_No_Ack                              0x0800472d   Thumb Code    58  sccb.o(i.SCCB_No_Ack)
    SCCB_RD_Byte                             0x08004771   Thumb Code   102  sccb.o(i.SCCB_RD_Byte)
    SCCB_RD_Reg                              0x080047e5   Thumb Code    76  sccb.o(i.SCCB_RD_Reg)
    SCCB_Start                               0x08004831   Thumb Code    44  sccb.o(i.SCCB_Start)
    SCCB_Stop                                0x08004865   Thumb Code    46  sccb.o(i.SCCB_Stop)
    SCCB_WR_Byte                             0x0800489d   Thumb Code   130  sccb.o(i.SCCB_WR_Byte)
    SCCB_WR_Reg                              0x0800492d   Thumb Code    62  sccb.o(i.SCCB_WR_Reg)
    Stm32_Clock_Init                         0x0800496d   Thumb Code    98  sys.o(i.Stm32_Clock_Init)
    TIM3_IRQHandler                          0x080049d9   Thumb Code    36  timer.o(i.TIM3_IRQHandler)
    TIM4_IRQHandler                          0x08004a05   Thumb Code    44  usmart.o(i.TIM4_IRQHandler)
    TIM5_IRQHandler                          0x08004a39   Thumb Code   108  timer.o(i.TIM5_IRQHandler)
    TIM6_IRQHandler                          0x08004ab1   Thumb Code    34  timer.o(i.TIM6_IRQHandler)
    Timer4_Init                              0x08004aed   Thumb Code    54  usmart.o(i.Timer4_Init)
    USART1_IRQHandler                        0x08004b2d   Thumb Code    80  usart.o(i.USART1_IRQHandler)
    _is_digit                                0x08004b89   Thumb Code    14  __printf_wp.o(i._is_digit)
    _sys_exit                                0x08004b97   Thumb Code     2  usart.o(i._sys_exit)
    camera_refresh                           0x08004b99   Thumb Code   434  test.o(i.camera_refresh)
    delay_init                               0x08004d6d   Thumb Code    38  delay.o(i.delay_init)
    delay_ms                                 0x08004d99   Thumb Code    36  delay.o(i.delay_ms)
    delay_us                                 0x08004dc1   Thumb Code    36  delay.o(i.delay_us)
    fputc                                    0x08004de9   Thumb Code    18  usart.o(i.fputc)
    main                                     0x08004e01   Thumb Code   404  test.o(i.main)
    read_addr                                0x08005059   Thumb Code     4  usmart.o(i.read_addr)
    uart_init                                0x0800505d   Thumb Code   158  usart.o(i.uart_init)
    usmart_cmd_rec                           0x0800510d   Thumb Code   144  usmart.o(i.usmart_cmd_rec)
    usmart_exe                               0x080051a1   Thumb Code   510  usmart.o(i.usmart_exe)
    usmart_get_aparm                         0x08005401   Thumb Code   164  usmart_str.o(i.usmart_get_aparm)
    usmart_get_cmdname                       0x080054a5   Thumb Code    46  usmart_str.o(i.usmart_get_cmdname)
    usmart_get_fname                         0x080054d5   Thumb Code   352  usmart_str.o(i.usmart_get_fname)
    usmart_get_fparam                        0x0800563d   Thumb Code   202  usmart_str.o(i.usmart_get_fparam)
    usmart_get_parmpos                       0x0800570d   Thumb Code    30  usmart_str.o(i.usmart_get_parmpos)
    usmart_get_runtime                       0x08005731   Thumb Code    38  usmart.o(i.usmart_get_runtime)
    usmart_init                              0x08005761   Thumb Code    36  usmart.o(i.usmart_init)
    usmart_pow                               0x08005789   Thumb Code    16  usmart_str.o(i.usmart_pow)
    usmart_reset_runtime                     0x08005799   Thumb Code    36  usmart.o(i.usmart_reset_runtime)
    usmart_scan                              0x080057c5   Thumb Code    94  usmart.o(i.usmart_scan)
    usmart_search_nextc                      0x08005869   Thumb Code    16  usmart_str.o(i.usmart_search_nextc)
    usmart_str2num                           0x08005879   Thumb Code   214  usmart_str.o(i.usmart_str2num)
    usmart_strcmp                            0x0800594f   Thumb Code    24  usmart_str.o(i.usmart_strcmp)
    usmart_strcopy                           0x08005967   Thumb Code    18  usmart_str.o(i.usmart_strcopy)
    usmart_strlen                            0x08005979   Thumb Code    18  usmart_str.o(i.usmart_strlen)
    usmart_sys_cmd_exe                       0x0800598d   Thumb Code  1458  usmart.o(i.usmart_sys_cmd_exe)
    write_addr                               0x0800600d   Thumb Code     4  usmart.o(i.write_addr)
    __aeabi_d2uiz                            0x08006011   Thumb Code     0  dfixu.o(x$fpl$dfixu)
    _dfixu                                   0x08006011   Thumb Code    90  dfixu.o(x$fpl$dfixu)
    __aeabi_ui2d                             0x0800606b   Thumb Code     0  dflt_clz.o(x$fpl$dfltu)
    _dfltu                                   0x0800606b   Thumb Code    38  dflt_clz.o(x$fpl$dfltu)
    __aeabi_dmul                             0x08006091   Thumb Code     0  dmul.o(x$fpl$dmul)
    _dmul                                    0x08006091   Thumb Code   332  dmul.o(x$fpl$dmul)
    __fpl_dnaninf                            0x080061e5   Thumb Code   156  dnaninf.o(x$fpl$dnaninf)
    __fpl_dretinf                            0x08006281   Thumb Code    12  dretinf.o(x$fpl$dretinf)
    __aeabi_fadd                             0x0800628d   Thumb Code     0  faddsub_clz.o(x$fpl$fadd)
    _fadd                                    0x0800628d   Thumb Code   196  faddsub_clz.o(x$fpl$fadd)
    __fpl_fcheck_NaN1                        0x08006351   Thumb Code     6  fcheck1.o(x$fpl$fcheck1)
    __aeabi_fdiv                             0x0800635d   Thumb Code     0  fdiv.o(x$fpl$fdiv)
    _fdiv                                    0x0800635d   Thumb Code   384  fdiv.o(x$fpl$fdiv)
    __aeabi_f2uiz                            0x080064e1   Thumb Code     0  ffixu.o(x$fpl$ffixu)
    _ffixu                                   0x080064e1   Thumb Code    62  ffixu.o(x$fpl$ffixu)
    __aeabi_ui2f                             0x08006521   Thumb Code     0  fflt_clz.o(x$fpl$ffltu)
    _ffltu                                   0x08006521   Thumb Code    38  fflt_clz.o(x$fpl$ffltu)
    __fpl_fnaninf                            0x08006547   Thumb Code   140  fnaninf.o(x$fpl$fnaninf)
    __fpl_fretinf                            0x080065d3   Thumb Code    10  fretinf.o(x$fpl$fretinf)
    __aeabi_frsub                            0x080065dd   Thumb Code     0  faddsub_clz.o(x$fpl$frsb)
    _frsb                                    0x080065dd   Thumb Code    20  faddsub_clz.o(x$fpl$frsb)
    __aeabi_fsub                             0x080065f1   Thumb Code     0  faddsub_clz.o(x$fpl$fsub)
    _fsub                                    0x080065f1   Thumb Code   234  faddsub_clz.o(x$fpl$fsub)
    __fpl_return_NaN                         0x080066db   Thumb Code   100  retnan.o(x$fpl$retnan)
    __ARM_scalbnf                            0x0800673f   Thumb Code    76  scalbnf.o(x$fpl$scalbnf)
    __fpl_cmpreturn                          0x0800678b   Thumb Code    48  trapv.o(x$fpl$trapveneer)
    __I$use$fp                               0x080067ba   Number         0  usenofp.o(x$fpl$usenofp)
    asc2_1206                                0x080067ba   Data        1140  ili93xx.o(.constdata)
    asc2_1608                                0x08006c2e   Data        1520  ili93xx.o(.constdata)
    asc2_2412                                0x0800721e   Data        3420  ili93xx.o(.constdata)
    ov7670_init_reg_tbl                      0x08007f7a   Data         336  ov7670.o(.constdata)
    Region$$Table$$Base                      0x0800820c   Number         0  anon$$obj.o(Region$$Table)
    Region$$Table$$Limit                     0x0800822c   Number         0  anon$$obj.o(Region$$Table)
    R                                        0x20000000   Data           2  test.o(.data)
    G                                        0x20000002   Data           2  test.o(.data)
    B                                        0x20000004   Data           2  test.o(.data)
    minx                                     0x20000008   Data           4  test.o(.data)
    miny                                     0x2000000c   Data           4  test.o(.data)
    maxx                                     0x20000010   Data           4  test.o(.data)
    maxy                                     0x20000014   Data           4  test.o(.data)
    pointx                                   0x20000018   Data           4  test.o(.data)
    pointy                                   0x2000001c   Data           4  test.o(.data)
    r                                        0x20000020   Data           4  test.o(.data)
    USART_RX_STA                             0x20000028   Data           2  usart.o(.data)
    __stdout                                 0x2000002c   Data           4  usart.o(.data)
    POINT_COLOR                              0x20000030   Data           2  ili93xx.o(.data)
    BACK_COLOR                               0x20000032   Data           2  ili93xx.o(.data)
    ov_sta                                   0x20000034   Data           1  exti.o(.data)
    TIM5CH1_CAPTURE_STA                      0x20000036   Data           1  timer.o(.data)
    ov_frame                                 0x20000037   Data           1  timer.o(.data)
    TIM5CH1_CAPTURE_VAL                      0x20000038   Data           2  timer.o(.data)
    sys_cmd_tab                              0x2000003c   Data          28  usmart.o(.data)
    usmart_nametab                           0x20000058   Data          56  usmart_config.o(.data)
    usmart_dev                               0x20000090   Data         244  usmart_config.o(.data)
    USART_RX_BUF                             0x20000184   Data         200  usart.o(.bss)
    lcddev                                   0x2000024c   Data          14  ili93xx.o(.bss)
    __libspace_start                         0x2000025c   Data          96  libspace.o(.bss)
    __temporary_stack_top$libspace           0x200002bc   Data           0  libspace.o(.bss)



==============================================================================

Memory Map of the image

  Image Entry point : 0x08000131

  Load Region LR_IROM1 (Base: 0x08000000, Size: 0x000083b0, Max: 0x00080000, ABSOLUTE, COMPRESSED[0x0000828c])

    Execution Region ER_IROM1 (Base: 0x08000000, Size: 0x0000822c, Max: 0x00080000, ABSOLUTE)

    Base Addr    Size         Type   Attr      Idx    E Section Name        Object

    0x08000000   0x00000130   Data   RO            3    RESET               startup_stm32f10x_hd.o
    0x08000130   0x00000008   Code   RO          969  * !!!main             c_w.l(__main.o)
    0x08000138   0x00000034   Code   RO         1189    !!!scatter          c_w.l(__scatter.o)
    0x0800016c   0x0000005a   Code   RO         1187    !!dczerorl2         c_w.l(__dczerorl2.o)
    0x080001c6   0x00000002   PAD
    0x080001c8   0x0000001c   Code   RO         1191    !!handler_zi        c_w.l(__scatter_zi.o)
    0x080001e4   0x00000000   Code   RO          966    .ARM.Collect$$_printf_percent$$00000000  c_w.l(_printf_percent.o)
    0x080001e4   0x00000006   Code   RO          964    .ARM.Collect$$_printf_percent$$00000009  c_w.l(_printf_d.o)
    0x080001ea   0x00000006   Code   RO          965    .ARM.Collect$$_printf_percent$$0000000A  c_w.l(_printf_u.o)
    0x080001f0   0x00000006   Code   RO          963    .ARM.Collect$$_printf_percent$$0000000C  c_w.l(_printf_x.o)
    0x080001f6   0x00000006   Code   RO          961    .ARM.Collect$$_printf_percent$$00000013  c_w.l(_printf_c.o)
    0x080001fc   0x00000006   Code   RO          962    .ARM.Collect$$_printf_percent$$00000014  c_w.l(_printf_s.o)
    0x08000202   0x00000004   Code   RO         1014    .ARM.Collect$$_printf_percent$$00000017  c_w.l(_printf_percent_end.o)
    0x08000206   0x00000002   Code   RO         1060    .ARM.Collect$$libinit$$00000000  c_w.l(libinit.o)
    0x08000208   0x00000000   Code   RO         1069    .ARM.Collect$$libinit$$00000002  c_w.l(libinit2.o)
    0x08000208   0x00000000   Code   RO         1071    .ARM.Collect$$libinit$$00000004  c_w.l(libinit2.o)
    0x08000208   0x00000000   Code   RO         1074    .ARM.Collect$$libinit$$0000000A  c_w.l(libinit2.o)
    0x08000208   0x00000000   Code   RO         1076    .ARM.Collect$$libinit$$0000000C  c_w.l(libinit2.o)
    0x08000208   0x00000000   Code   RO         1078    .ARM.Collect$$libinit$$0000000E  c_w.l(libinit2.o)
    0x08000208   0x00000000   Code   RO         1081    .ARM.Collect$$libinit$$00000011  c_w.l(libinit2.o)
    0x08000208   0x00000000   Code   RO         1083    .ARM.Collect$$libinit$$00000013  c_w.l(libinit2.o)
    0x08000208   0x00000000   Code   RO         1085    .ARM.Collect$$libinit$$00000015  c_w.l(libinit2.o)
    0x08000208   0x00000000   Code   RO         1087    .ARM.Collect$$libinit$$00000017  c_w.l(libinit2.o)
    0x08000208   0x00000000   Code   RO         1089    .ARM.Collect$$libinit$$00000019  c_w.l(libinit2.o)
    0x08000208   0x00000000   Code   RO         1091    .ARM.Collect$$libinit$$0000001B  c_w.l(libinit2.o)
    0x08000208   0x00000000   Code   RO         1093    .ARM.Collect$$libinit$$0000001D  c_w.l(libinit2.o)
    0x08000208   0x00000000   Code   RO         1095    .ARM.Collect$$libinit$$0000001F  c_w.l(libinit2.o)
    0x08000208   0x00000000   Code   RO         1097    .ARM.Collect$$libinit$$00000021  c_w.l(libinit2.o)
    0x08000208   0x00000000   Code   RO         1099    .ARM.Collect$$libinit$$00000023  c_w.l(libinit2.o)
    0x08000208   0x00000000   Code   RO         1101    .ARM.Collect$$libinit$$00000025  c_w.l(libinit2.o)
    0x08000208   0x00000000   Code   RO         1105    .ARM.Collect$$libinit$$0000002C  c_w.l(libinit2.o)
    0x08000208   0x00000000   Code   RO         1107    .ARM.Collect$$libinit$$0000002E  c_w.l(libinit2.o)
    0x08000208   0x00000000   Code   RO         1109    .ARM.Collect$$libinit$$00000030  c_w.l(libinit2.o)
    0x08000208   0x00000000   Code   RO         1111    .ARM.Collect$$libinit$$00000032  c_w.l(libinit2.o)
    0x08000208   0x00000002   Code   RO         1112    .ARM.Collect$$libinit$$00000033  c_w.l(libinit2.o)
    0x0800020a   0x00000002   Code   RO         1130    .ARM.Collect$$libshutdown$$00000000  c_w.l(libshutdown.o)
    0x0800020c   0x00000000   Code   RO         1141    .ARM.Collect$$libshutdown$$00000003  c_w.l(libshutdown2.o)
    0x0800020c   0x00000000   Code   RO         1144    .ARM.Collect$$libshutdown$$00000006  c_w.l(libshutdown2.o)
    0x0800020c   0x00000000   Code   RO         1147    .ARM.Collect$$libshutdown$$00000009  c_w.l(libshutdown2.o)
    0x0800020c   0x00000000   Code   RO         1149    .ARM.Collect$$libshutdown$$0000000B  c_w.l(libshutdown2.o)
    0x0800020c   0x00000000   Code   RO         1152    .ARM.Collect$$libshutdown$$0000000E  c_w.l(libshutdown2.o)
    0x0800020c   0x00000002   Code   RO         1153    .ARM.Collect$$libshutdown$$0000000F  c_w.l(libshutdown2.o)
    0x0800020e   0x00000000   Code   RO         1007    .ARM.Collect$$rtentry$$00000000  c_w.l(__rtentry.o)
    0x0800020e   0x00000000   Code   RO         1027    .ARM.Collect$$rtentry$$00000002  c_w.l(__rtentry2.o)
    0x0800020e   0x00000006   Code   RO         1039    .ARM.Collect$$rtentry$$00000004  c_w.l(__rtentry4.o)
    0x08000214   0x00000000   Code   RO         1029    .ARM.Collect$$rtentry$$00000009  c_w.l(__rtentry2.o)
    0x08000214   0x00000004   Code   RO         1030    .ARM.Collect$$rtentry$$0000000A  c_w.l(__rtentry2.o)
    0x08000218   0x00000000   Code   RO         1032    .ARM.Collect$$rtentry$$0000000C  c_w.l(__rtentry2.o)
    0x08000218   0x00000008   Code   RO         1033    .ARM.Collect$$rtentry$$0000000D  c_w.l(__rtentry2.o)
    0x08000220   0x00000002   Code   RO         1066    .ARM.Collect$$rtexit$$00000000  c_w.l(rtexit.o)
    0x08000222   0x00000000   Code   RO         1114    .ARM.Collect$$rtexit$$00000002  c_w.l(rtexit2.o)
    0x08000222   0x00000004   Code   RO         1115    .ARM.Collect$$rtexit$$00000003  c_w.l(rtexit2.o)
    0x08000226   0x00000006   Code   RO         1116    .ARM.Collect$$rtexit$$00000004  c_w.l(rtexit2.o)
    0x0800022c   0x00000034   Code   RO            4    .text               startup_stm32f10x_hd.o
    0x08000260   0x00000002   Code   RO          906    .text               c_w.l(use_no_semi_2.o)
    0x08000262   0x00000002   PAD
    0x08000264   0x00000018   Code   RO          910    .text               c_w.l(noretval__2printf.o)
    0x0800027c   0x0000004e   Code   RO          914    .text               c_w.l(_printf_pad.o)
    0x080002ca   0x00000052   Code   RO          916    .text               c_w.l(_printf_str.o)
    0x0800031c   0x00000078   Code   RO          918    .text               c_w.l(_printf_dec.o)
    0x08000394   0x00000058   Code   RO          923    .text               c_w.l(_printf_hex_int.o)
    0x080003ec   0x00000188   Code   RO          958    .text               c_w.l(__printf_flags_ss_wp.o)
    0x08000574   0x00000006   Code   RO          967    .text               c_w.l(heapauxi.o)
    0x0800057a   0x00000002   Code   RO         1005    .text               c_w.l(use_no_semi.o)
    0x0800057c   0x000000b2   Code   RO         1008    .text               c_w.l(_printf_intcommon.o)
    0x0800062e   0x0000002c   Code   RO         1010    .text               c_w.l(_printf_char.o)
    0x0800065a   0x00000002   PAD
    0x0800065c   0x00000024   Code   RO         1012    .text               c_w.l(_printf_char_file.o)
    0x08000680   0x00000030   Code   RO         1041    .text               c_w.l(_printf_char_common.o)
    0x080006b0   0x00000008   Code   RO         1043    .text               c_w.l(ferror.o)
    0x080006b8   0x0000004a   Code   RO         1049    .text               c_w.l(sys_stackheap_outer.o)
    0x08000702   0x0000000c   Code   RO         1053    .text               c_w.l(exit.o)
    0x0800070e   0x00000002   PAD
    0x08000710   0x00000008   Code   RO         1063    .text               c_w.l(libspace.o)
    0x08000718   0x00000038   Code   RO          479    i.EXTI0_IRQHandler  exti.o
    0x08000750   0x00000038   Code   RO          480    i.EXTI2_IRQHandler  exti.o
    0x08000788   0x00000030   Code   RO          481    i.EXTI3_IRQHandler  exti.o
    0x080007b8   0x00000048   Code   RO          482    i.EXTI4_IRQHandler  exti.o
    0x08000800   0x0000001c   Code   RO          483    i.EXTI8_Init        exti.o
    0x0800081c   0x00000054   Code   RO          484    i.EXTI9_5_IRQHandler  exti.o
    0x08000870   0x00000060   Code   RO          126    i.Ex_NVIC_Config    sys.o
    0x080008d0   0x00000028   Code   RO          129    i.JTAG_Set          sys.o
    0x080008f8   0x00000058   Code   RO          460    i.KEY_Init          key.o
    0x08000950   0x0000006c   Code   RO          260    i.LCD_Clear         ili93xx.o
    0x080009bc   0x00000134   Code   RO          264    i.LCD_Display_Dir   ili93xx.o
    0x08000af0   0x00000096   Code   RO          265    i.LCD_DrawLine      ili93xx.o
    0x08000b86   0x00000002   PAD
    0x08000b88   0x0000001c   Code   RO          266    i.LCD_DrawPoint     ili93xx.o
    0x08000ba4   0x00000038   Code   RO          267    i.LCD_DrawRectangle  ili93xx.o
    0x08000bdc   0x000000b0   Code   RO          268    i.LCD_Draw_Circle   ili93xx.o
    0x08000c8c   0x0000011c   Code   RO          269    i.LCD_Fast_DrawPoint  ili93xx.o
    0x08000da8   0x0000008c   Code   RO          270    i.LCD_Fill          ili93xx.o
    0x08000e34   0x00002e58   Code   RO          271    i.LCD_Init          ili93xx.o
    0x08003c8c   0x00000014   Code   RO          273    i.LCD_RD_DATA       ili93xx.o
    0x08003ca0   0x00000018   Code   RO          275    i.LCD_ReadReg       ili93xx.o
    0x08003cb8   0x0000003c   Code   RO          276    i.LCD_SSD_BackLightSet  ili93xx.o
    0x08003cf4   0x000001a8   Code   RO          277    i.LCD_Scan_Dir      ili93xx.o
    0x08003e9c   0x00000148   Code   RO          278    i.LCD_SetCursor     ili93xx.o
    0x08003fe4   0x0000017c   Code   RO          279    i.LCD_Set_Window    ili93xx.o
    0x08004160   0x000000cc   Code   RO          280    i.LCD_ShowChar      ili93xx.o
    0x0800422c   0x00000054   Code   RO          282    i.LCD_ShowString    ili93xx.o
    0x08004280   0x00000014   Code   RO          287    i.LCD_WriteRAM_Prepare  ili93xx.o
    0x08004294   0x00000010   Code   RO          288    i.LCD_WriteReg      ili93xx.o
    0x080042a4   0x0000005c   Code   RO          247    i.LED_Init          led.o
    0x08004300   0x0000004c   Code   RO          130    i.MYRCC_DeInit      sys.o
    0x0800434c   0x0000004a   Code   RO          131    i.MY_NVIC_Init      sys.o
    0x08004396   0x00000002   PAD
    0x08004398   0x00000024   Code   RO          132    i.MY_NVIC_PriorityGroupConfig  sys.o
    0x080043bc   0x00000014   Code   RO          133    i.MY_NVIC_SetVectorTable  sys.o
    0x080043d0   0x00000026   Code   RO          640    i.OV7670_Brightness  ov7670.o
    0x080043f6   0x00000072   Code   RO          641    i.OV7670_Color_Saturation  ov7670.o
    0x08004468   0x00000026   Code   RO          642    i.OV7670_Contrast   ov7670.o
    0x0800448e   0x00000002   PAD
    0x08004490   0x00000120   Code   RO          643    i.OV7670_Init       ov7670.o
    0x080045b0   0x00000052   Code   RO          644    i.OV7670_Light_Mode  ov7670.o
    0x08004602   0x00000054   Code   RO          645    i.OV7670_Special_Effects  ov7670.o
    0x08004656   0x0000006e   Code   RO          646    i.OV7670_Window_Set  ov7670.o
    0x080046c4   0x00000068   Code   RO          694    i.SCCB_Init         sccb.o
    0x0800472c   0x00000044   Code   RO          695    i.SCCB_No_Ack       sccb.o
    0x08004770   0x00000074   Code   RO          696    i.SCCB_RD_Byte      sccb.o
    0x080047e4   0x0000004c   Code   RO          697    i.SCCB_RD_Reg       sccb.o
    0x08004830   0x00000034   Code   RO          698    i.SCCB_Start        sccb.o
    0x08004864   0x00000038   Code   RO          699    i.SCCB_Stop         sccb.o
    0x0800489c   0x00000090   Code   RO          700    i.SCCB_WR_Byte      sccb.o
    0x0800492c   0x0000003e   Code   RO          701    i.SCCB_WR_Reg       sccb.o
    0x0800496a   0x00000002   PAD
    0x0800496c   0x0000006c   Code   RO          134    i.Stm32_Clock_Init  sys.o
    0x080049d8   0x0000002c   Code   RO          584    i.TIM3_IRQHandler   timer.o
    0x08004a04   0x00000034   Code   RO          747    i.TIM4_IRQHandler   usmart.o
    0x08004a38   0x00000078   Code   RO          588    i.TIM5_IRQHandler   timer.o
    0x08004ab0   0x0000003c   Code   RO          589    i.TIM6_IRQHandler   timer.o
    0x08004aec   0x00000040   Code   RO          748    i.Timer4_Init       usmart.o
    0x08004b2c   0x0000005c   Code   RO          205    i.USART1_IRQHandler  usart.o
    0x08004b88   0x0000000e   Code   RO          951    i._is_digit         c_w.l(__printf_wp.o)
    0x08004b96   0x00000002   Code   RO          206    i._sys_exit         usart.o
    0x08004b98   0x000001d4   Code   RO           10    i.camera_refresh    test.o
    0x08004d6c   0x0000002c   Code   RO           99    i.delay_init        delay.o
    0x08004d98   0x00000028   Code   RO          100    i.delay_ms          delay.o
    0x08004dc0   0x00000028   Code   RO          101    i.delay_us          delay.o
    0x08004de8   0x00000018   Code   RO          207    i.fputc             usart.o
    0x08004e00   0x00000258   Code   RO           11    i.main              test.o
    0x08005058   0x00000004   Code   RO          749    i.read_addr         usmart.o
    0x0800505c   0x000000b0   Code   RO          208    i.uart_init         usart.o
    0x0800510c   0x00000094   Code   RO          750    i.usmart_cmd_rec    usmart.o
    0x080051a0   0x00000260   Code   RO          751    i.usmart_exe        usmart.o
    0x08005400   0x000000a4   Code   RO          837    i.usmart_get_aparm  usmart_str.o
    0x080054a4   0x0000002e   Code   RO          838    i.usmart_get_cmdname  usmart_str.o
    0x080054d2   0x00000002   PAD
    0x080054d4   0x00000168   Code   RO          839    i.usmart_get_fname  usmart_str.o
    0x0800563c   0x000000d0   Code   RO          840    i.usmart_get_fparam  usmart_str.o
    0x0800570c   0x00000024   Code   RO          841    i.usmart_get_parmpos  usmart_str.o
    0x08005730   0x00000030   Code   RO          752    i.usmart_get_runtime  usmart.o
    0x08005760   0x00000028   Code   RO          753    i.usmart_init       usmart.o
    0x08005788   0x00000010   Code   RO          842    i.usmart_pow        usmart_str.o
    0x08005798   0x0000002c   Code   RO          754    i.usmart_reset_runtime  usmart.o
    0x080057c4   0x000000a4   Code   RO          755    i.usmart_scan       usmart.o
    0x08005868   0x00000010   Code   RO          843    i.usmart_search_nextc  usmart_str.o
    0x08005878   0x000000d6   Code   RO          844    i.usmart_str2num    usmart_str.o
    0x0800594e   0x00000018   Code   RO          845    i.usmart_strcmp     usmart_str.o
    0x08005966   0x00000012   Code   RO          846    i.usmart_strcopy    usmart_str.o
    0x08005978   0x00000012   Code   RO          847    i.usmart_strlen     usmart_str.o
    0x0800598a   0x00000002   PAD
    0x0800598c   0x00000680   Code   RO          756    i.usmart_sys_cmd_exe  usmart.o
    0x0800600c   0x00000004   Code   RO          757    i.write_addr        usmart.o
    0x08006010   0x0000005a   Code   RO          971    x$fpl$dfixu         fz_ws.l(dfixu.o)
    0x0800606a   0x00000026   Code   RO          975    x$fpl$dfltu         fz_ws.l(dflt_clz.o)
    0x08006090   0x00000154   Code   RO          981    x$fpl$dmul          fz_ws.l(dmul.o)
    0x080061e4   0x0000009c   Code   RO         1015    x$fpl$dnaninf       fz_ws.l(dnaninf.o)
    0x08006280   0x0000000c   Code   RO         1017    x$fpl$dretinf       fz_ws.l(dretinf.o)
    0x0800628c   0x000000c4   Code   RO          983    x$fpl$fadd          fz_ws.l(faddsub_clz.o)
    0x08006350   0x0000000c   Code   RO         1019    x$fpl$fcheck1       fz_ws.l(fcheck1.o)
    0x0800635c   0x00000184   Code   RO          990    x$fpl$fdiv          fz_ws.l(fdiv.o)
    0x080064e0   0x0000003e   Code   RO          993    x$fpl$ffixu         fz_ws.l(ffixu.o)
    0x0800651e   0x00000002   PAD
    0x08006520   0x00000026   Code   RO          997    x$fpl$ffltu         fz_ws.l(fflt_clz.o)
    0x08006546   0x0000008c   Code   RO         1021    x$fpl$fnaninf       fz_ws.l(fnaninf.o)
    0x080065d2   0x0000000a   Code   RO         1023    x$fpl$fretinf       fz_ws.l(fretinf.o)
    0x080065dc   0x00000014   Code   RO          984    x$fpl$frsb          fz_ws.l(faddsub_clz.o)
    0x080065f0   0x000000ea   Code   RO          985    x$fpl$fsub          fz_ws.l(faddsub_clz.o)
    0x080066da   0x00000064   Code   RO         1047    x$fpl$retnan        fz_ws.l(retnan.o)
    0x0800673e   0x0000004c   Code   RO         1003    x$fpl$scalbnf       fz_ws.l(scalbnf.o)
    0x0800678a   0x00000030   Code   RO         1061    x$fpl$trapveneer    fz_ws.l(trapv.o)
    0x080067ba   0x00000000   Code   RO         1025    x$fpl$usenofp       fz_ws.l(usenofp.o)
    0x080067ba   0x000017c0   Data   RO          291    .constdata          ili93xx.o
    0x08007f7a   0x00000150   Data   RO          647    .constdata          ov7670.o
    0x080080ca   0x00000028   Data   RO          924    .constdata          c_w.l(_printf_hex_int.o)
    0x080080f2   0x00000011   Data   RO          959    .constdata          c_w.l(__printf_flags_ss_wp.o)
    0x08008103   0x00000001   PAD
    0x08008104   0x00000028   Data   RO          758    .conststring        usmart.o
    0x0800812c   0x000000df   Data   RO          823    .conststring        usmart_config.o
    0x0800820b   0x00000001   PAD
    0x0800820c   0x00000020   Data   RO         1185    Region$$Table       anon$$obj.o


    Execution Region RW_IRAM1 (Base: 0x20000000, Size: 0x000006c0, Max: 0x00010000, ABSOLUTE, COMPRESSED[0x00000060])

    Base Addr    Size         Type   Attr      Idx    E Section Name        Object

    0x20000000   0x00000024   Data   RW           16    .data               test.o
    0x20000024   0x00000004   Data   RW          102    .data               delay.o
    0x20000028   0x00000002   Data   RW          210    .data               usart.o
    0x2000002a   0x00000002   PAD
    0x2000002c   0x00000004   Data   RW          211    .data               usart.o
    0x20000030   0x00000004   Data   RW          292    .data               ili93xx.o
    0x20000034   0x00000001   Data   RW          486    .data               exti.o
    0x20000035   0x00000001   PAD
    0x20000036   0x00000004   Data   RW          591    .data               timer.o
    0x2000003a   0x00000002   PAD
    0x2000003c   0x0000001c   Data   RW          759    .data               usmart.o
    0x20000058   0x00000038   Data   RW          824    .data               usmart_config.o
    0x20000090   0x000000f4   Data   RW          825    .data               usmart_config.o
    0x20000184   0x000000c8   Zero   RW          209    .bss                usart.o
    0x2000024c   0x0000000e   Zero   RW          290    .bss                ili93xx.o
    0x2000025a   0x00000002   PAD
    0x2000025c   0x00000060   Zero   RW         1064    .bss                c_w.l(libspace.o)
    0x200002bc   0x00000004   PAD
    0x200002c0   0x00000000   Zero   RW            2    HEAP                startup_stm32f10x_hd.o
    0x200002c0   0x00000400   Zero   RW            1    STACK               startup_stm32f10x_hd.o


==============================================================================

Image component sizes


      Code (inc. data)   RO Data    RW Data    ZI Data      Debug   Object Name

       124         14          0          4          0       1603   delay.o
       344         70          0          1          0       3131   exti.o
     14674        200       6080          4         14      54914   ili93xx.o
        88         20          0          0          0        439   key.o
        92         12          0          0          0        451   led.o
       754         38        336          0          0       4801   ov7670.o
       678         68          0          0          0       4623   sccb.o
        52         18        304          0       1024        804   startup_stm32f10x_hd.o
       450         62          0          0          0       3918   sys.o
      1068        230          0         36          0     210268   test.o
       224         46          0          4          0       1869   timer.o
       294         36          0          6        200       3920   usart.o
      2840       1352         40         28          0       7114   usmart.o
         0          0        223        300          0       1572   usmart_config.o
      1120         20          0          0          0       7659   usmart_str.o

    ----------------------------------------------------------------------
     22814       2186       7016        388       1240     307086   Object Totals
         0          0         32          0          0          0   (incl. Generated)
        12          0          1          5          2          0   (incl. Padding)

    ----------------------------------------------------------------------

      Code (inc. data)   RO Data    RW Data    ZI Data      Debug   Library Member Name

        90          0          0          0          0          0   __dczerorl2.o
         8          0          0          0          0         68   __main.o
       392          4         17          0          0         92   __printf_flags_ss_wp.o
        14          0          0          0          0         68   __printf_wp.o
         0          0          0          0          0          0   __rtentry.o
        12          0          0          0          0          0   __rtentry2.o
         6          0          0          0          0          0   __rtentry4.o
        52          8          0          0          0          0   __scatter.o
        28          0          0          0          0          0   __scatter_zi.o
         6          0          0          0          0          0   _printf_c.o
        44          0          0          0          0        108   _printf_char.o
        48          6          0          0          0         96   _printf_char_common.o
        36          4          0          0          0         80   _printf_char_file.o
         6          0          0          0          0          0   _printf_d.o
       120         16          0          0          0         92   _printf_dec.o
        88          4         40          0          0         88   _printf_hex_int.o
       178          0          0          0          0         88   _printf_intcommon.o
        78          0          0          0          0        108   _printf_pad.o
         0          0          0          0          0          0   _printf_percent.o
         4          0          0          0          0          0   _printf_percent_end.o
         6          0          0          0          0          0   _printf_s.o
        82          0          0          0          0         80   _printf_str.o
         6          0          0          0          0          0   _printf_u.o
         6          0          0          0          0          0   _printf_x.o
        12          0          0          0          0         72   exit.o
         8          0          0          0          0         68   ferror.o
         6          0          0          0          0        152   heapauxi.o
         2          0          0          0          0          0   libinit.o
         2          0          0          0          0          0   libinit2.o
         2          0          0          0          0          0   libshutdown.o
         2          0          0          0          0          0   libshutdown2.o
         8          4          0          0         96         68   libspace.o
        24          4          0          0          0         84   noretval__2printf.o
         2          0          0          0          0          0   rtexit.o
        10          0          0          0          0          0   rtexit2.o
        74          0          0          0          0         80   sys_stackheap_outer.o
         2          0          0          0          0         68   use_no_semi.o
         2          0          0          0          0         68   use_no_semi_2.o
        90          4          0          0          0         92   dfixu.o
        38          0          0          0          0         68   dflt_clz.o
       340         12          0          0          0        104   dmul.o
       156          4          0          0          0         92   dnaninf.o
        12          0          0          0          0         68   dretinf.o
       450          8          0          0          0        236   faddsub_clz.o
        12          4          0          0          0         68   fcheck1.o
       388         76          0          0          0         96   fdiv.o
        62          4          0          0          0         84   ffixu.o
        38          0          0          0          0         68   fflt_clz.o
       140          4          0          0          0         84   fnaninf.o
        10          0          0          0          0         68   fretinf.o
       100          0          0          0          0         68   retnan.o
        76          0          0          0          0         68   scalbnf.o
        48          0          0          0          0         68   trapv.o
         0          0          0          0          0          0   usenofp.o

    ----------------------------------------------------------------------
      3436        166         58          0        100       2960   Library Totals
        10          0          1          0          4          0   (incl. Padding)

    ----------------------------------------------------------------------

      Code (inc. data)   RO Data    RW Data    ZI Data      Debug   Library Name

      1466         50         57          0         96       1628   c_w.l
      1960        116          0          0          0       1332   fz_ws.l

    ----------------------------------------------------------------------
      3436        166         58          0        100       2960   Library Totals

    ----------------------------------------------------------------------

==============================================================================


      Code (inc. data)   RO Data    RW Data    ZI Data      Debug   

     26250       2352       7074        388       1340     304374   Grand Totals
     26250       2352       7074         96       1340     304374   ELF Image Totals (compressed)
     26250       2352       7074         96          0          0   ROM Totals

==============================================================================

    Total RO  Size (Code + RO Data)                33324 (  32.54kB)
    Total RW  Size (RW Data + ZI Data)              1728 (   1.69kB)
    Total ROM Size (Code + RO Data + RW Data)      33420 (  32.64kB)

==============================================================================

