<html>
<body>
<pre>
<h1>礦ision Build Log</h1>
<h2>Tool Versions:</h2>
IDE-Version: μVision V5.14.0.0
Copyright (C) 2015 ARM Ltd and ARM Germany GmbH. All rights reserved.
License Information: 1 Administrator, 1, LIC=6XJKP-MG57N-VI95N-Y8G6D-I2FWF-CXLI9
 
Tool Versions:
Toolchain:       MDK-ARM Professional  Version: 5.14.0.0
Toolchain Path:  C:\Keil_v5\ARM\ARMCC\Bin
C Compiler:      Armcc.exe V5.05 update 1 (build 106)
Assembler:       Armasm.exe V5.05 update 1 (build 106)
Linker/Locator:  ArmLink.exe V5.05 update 1 (build 106)
Library Manager: ArmAr.exe V5.05 update 1 (build 106)
Hex Converter:   FromElf.exe V5.05 update 1 (build 106)
CPU DLL:         SARMCM3.DLL V5.14.0.0
Dialog DLL:      DARMSTM.DLL V1.65.0.0
Target DLL:      Segger\JL2CM3.dll V2.99.13.0
Dialog DLL:      TARMSTM.DLL V1.64.0.0
 
<h2>Project:</h2>
C:\Users\Administrator\Desktop\实验35 摄像头实验\USER\test.uvprojx
Project File Date:  03/01/2015

<h2>Output:</h2>
Build target 'Target 1'
compiling test.c...
test.c(172): warning:  #177-D: variable "key" was declared but never referenced
        u8 key;
test.c(175): warning:  #177-D: variable "i" was declared but never referenced
        u8 i=0;     
test.c(176): warning:  #177-D: variable "msgbuf" was declared but never referenced
        u8 msgbuf[15];                          //消息缓存区
test.c(177): warning:  #177-D: variable "tm" was declared but never referenced
        u8 tm=0; 
test.c: 4 warnings, 0 errors
linking...
Program Size: Code=26250 RO-data=7074 RW-data=388 ZI-data=1340  
FromELF: creating hex file...
"..\OBJ\test.axf" - 0 Error(s), 4 Warning(s).

<h2>Collection of Component include folders:</h2>
  C:\Users\Administrator\Desktop\实验35 摄像头实验\USER\RTE
  C:\Keil_v5\ARM\PACK\Keil\STM32F1xx_DFP\1.0.5\Device\Include

<h2>Collection of Component Files used:</h2>
</pre>
</body>
</html>
